<html>
<body>
<pre>
<h1>µVision Build Log</h1>
<h2>Tool Versions:</h2>
IDE-Version: ÂµVision V5.39.0.0
Copyright (C) 2023 ARM Ltd and ARM Germany GmbH. All rights reserved.
License Information: Shrey Pethkar, Airbus DS, LIC=----
 
Tool Versions:
Toolchain:       MDK-Lite  Version: 5.39.0.0
Toolchain Path:  C:\Keil_v5\ARM\ARMCLANG\Bin
C Compiler:      ArmClang.exe V6.21
Assembler:       Armasm.exe V6.21
Linker/Locator:  ArmLink.exe V6.21
Library Manager: ArmAr.exe V6.21
Hex Converter:   FromElf.exe V6.21
CPU DLL:         SARMCM3.DLL V5.39.0.0
Dialog DLL:      DCM.DLL V1.17.5.0
Target DLL:      UL2CM3.DLL V1.164.9.0
Dialog DLL:      TCM.DLL V1.56.4.0
 
<h2>Project:</h2>
C:\Workspace\Inf2_MCT_own\Testing\mc-praktikum\MC_Praktikum.uvprojx
Project File Date:  04/23/2024

<h2>Output:</h2>
*** Using Compiler 'V6.21', folder: 'C:\Keil_v5\ARM\ARMCLANG\Bin'
Build target 'Simulation - Flash'
assembling startup_stm32f407xx.s...
compiling _mcpr_stm32f407.c...
RTE/Device/STM32F407VGTx/system_stm32f4xx.c(263): warning: unsafe buffer access [-Wunsafe-buffer-usage]
  263 |   tmp = AHBPrescTable[((RCC->CFGR & RCC_CFGR_HPRE) >> 4)];
      |         ^~~~~~~~~~~~~
1 warning generated.
compiling system_stm32f4xx.c...
main.c(5): warning: In file included from...
./display.h(20): warning: invalid UTF-8 in comment [-Winvalid-utf8]
   20 | // L<F6>schen des Displays (in der angegebenen Farbe)
      |     ^
./display.h(31): warning: invalid UTF-8 in comment [-Winvalid-utf8]
   31 | // Wichtig: die folgende Funktion muss zur Verf<FC>gung gestellt werden 
      |                                                ^
main.c(11): warning: no previous extern declaration for non-static variable 'tenSecCnt' [-Wmissing-variable-declarations]
   11 | volatile uint16_t tenSecCnt = 0;
      |                   ^
main.c(11): note: declare 'static' if the variable is not intended to be used outside of this translation unit
   11 | volatile uint16_t tenSecCnt = 0;
      |          ^
main.c(12): warning: no previous extern declaration for non-static variable 'twoSecCnt' [-Wmissing-variable-declarations]
   12 | volatile uint16_t twoSecCnt = 0;
      |                   ^
main.c(12): note: declare 'static' if the variable is not intended to be used outside of this translation unit
   12 | volatile uint16_t twoSecCnt = 0;
      |          ^
main.c(31): warning: a function declaration without a prototype is deprecated in all versions of C [-Wstrict-prototypes]
   31 | void TIM4_IRQHandler()
      |                     ^
      |                      void
main.c(39): warning: mixing declarations and code is incompatible with standards before C99 [-Wdeclaration-after-statement]
   39 |         static uint16_t cnt = 0;
      |                         ^
main.c(53): warning: a function declaration without a prototype is deprecated in all versions of C [-Wstrict-prototypes]
   53 | void TIM4_Init()
      |               ^
      |                void
main.c(81): warning: a function declaration without a prototype is deprecated in all versions of C [-Wstrict-prototypes]
   81 | int main()
      |         ^
      |          void
main.c(91): warning: & has lower precedence than !=; != will be evaluated first [-Wparentheses]
   91 |                 if (GPIOA->IDR & 1 != 0)
      |                                ^~~~~~~~
main.c(91): note: place parentheses around the '!=' expression to silence this warning
   91 |                 if (GPIOA->IDR & 1 != 0)
      |                                ^       
      |                                  (     )
main.c(91): note: place parentheses around the & expression to evaluate it first
   91 |                 if (GPIOA->IDR & 1 != 0)
      |                     ~~~~~~~~~~~^~~
main.c(113): warning: no newline at end of file [-Wnewline-eof]
  113 | }
      |  ^
main.c(60): warning: unsafe buffer access [-Wunsafe-buffer-usage]
   60 |         GPIOD->AFR[1] |= (2 << 4 * 5);   // set AF2 for AFRH13, link to TIM4_CH2
      |         ^~~~~~~~~~
C:/Users/shpet/AppData/Local/Arm/Packs/Keil/STM32F4xx_DFP/2.17.1/Drivers/CMSIS/Device/ST/STM32F4xx/Include/stm32f407xx.h(1105): note: expanded from macro 'GPIOD'
 1105 | #define GPIOD               ((GPIO_TypeDef *) GPIOD_BASE)
      |                             ^
11 warnings generated.
compiling main.c...
linking...
Program Size: Code=2234 RO-data=442 RW-data=4 ZI-data=1640  
".\Objects\MCPraktikum.axf" - 0 Error(s), 12 Warning(s).

<h2>Software Packages used:</h2>

Package Vendor: ARM
                https://www.keil.com/pack/ARM.CMSIS.6.0.0.pack
                ARM::CMSIS@6.0.0
                CMSIS (Common Microcontroller Software Interface Standard)
   * Component: CORE Version: 6.0.0

Package Vendor: Keil
                https://www.keil.com/pack/Keil.STM32F4xx_DFP.2.17.1.pack
                Keil::STM32F4xx_DFP@2.17.1
                STMicroelectronics STM32F4 Series Device Support, Drivers and Examples
   * Component: Startup Version: 2.6.3

<h2>Collection of Component include folders:</h2>
  ./RTE/_Simulation_-_Flash
  C:/Users/shpet/AppData/Local/Arm/Packs/ARM/CMSIS/6.0.0/CMSIS/Core/Include
  C:/Users/shpet/AppData/Local/Arm/Packs/Keil/STM32F4xx_DFP/2.17.1/Drivers/CMSIS/Device/ST/STM32F4xx/Include

<h2>Collection of Component Files used:</h2>

   * Component: ARM::CMSIS:CORE@6.0.0

   * Component: Keil::Device:Startup@2.6.3
      Source file:   MDK/Device/Source/ARM/STM32F40xxx_41xxx_OPT.s
      Source file:   MDK/Device/Source/ARM/STM32F4xx_OTP.s
      Include file:  Drivers/CMSIS/Device/ST/STM32F4xx/Include/stm32f4xx.h
      Source file:   Drivers/CMSIS/Device/ST/STM32F4xx/Source/Templates/arm/startup_stm32f407xx.s
      Source file:   Drivers/CMSIS/Device/ST/STM32F4xx/Source/Templates/system_stm32f4xx.c
Build Time Elapsed:  00:00:01
</pre>
</body>
</html>
