Archive member included to satisfy reference by file (symbol)

C:/Program Files/STM32CubeIDE_1.16.0/STM32CubeIDE/plugins/com.st.stm32cube.ide.mcu.externaltools.gnu-tools-for-stm32.12.3.rel1.win32_1.0.200.202406191623/tools/bin/../lib/gcc/arm-none-eabi/12.3.1/../../../../arm-none-eabi/lib/thumb/v7e-m+fp/hard\libc_nano.a(libc_a-exit.o)
                              C:/Program Files/STM32CubeIDE_1.16.0/STM32CubeIDE/plugins/com.st.stm32cube.ide.mcu.externaltools.gnu-tools-for-stm32.12.3.rel1.win32_1.0.200.202406191623/tools/bin/../lib/gcc/arm-none-eabi/12.3.1/../../../../arm-none-eabi/lib/thumb/v7e-m+fp/hard/crt0.o (exit)
C:/Program Files/STM32CubeIDE_1.16.0/STM32CubeIDE/plugins/com.st.stm32cube.ide.mcu.externaltools.gnu-tools-for-stm32.12.3.rel1.win32_1.0.200.202406191623/tools/bin/../lib/gcc/arm-none-eabi/12.3.1/../../../../arm-none-eabi/lib/thumb/v7e-m+fp/hard\libc_nano.a(libc_a-malloc.o)
                              ./Middlewares/ST/STM32_USB_Host_Library/Class/CDC/Src/usbh_cdc.o (malloc)
C:/Program Files/STM32CubeIDE_1.16.0/STM32CubeIDE/plugins/com.st.stm32cube.ide.mcu.externaltools.gnu-tools-for-stm32.12.3.rel1.win32_1.0.200.202406191623/tools/bin/../lib/gcc/arm-none-eabi/12.3.1/../../../../arm-none-eabi/lib/thumb/v7e-m+fp/hard\libc_nano.a(libc_a-mallocr.o)
                              C:/Program Files/STM32CubeIDE_1.16.0/STM32CubeIDE/plugins/com.st.stm32cube.ide.mcu.externaltools.gnu-tools-for-stm32.12.3.rel1.win32_1.0.200.202406191623/tools/bin/../lib/gcc/arm-none-eabi/12.3.1/../../../../arm-none-eabi/lib/thumb/v7e-m+fp/hard\libc_nano.a(libc_a-malloc.o) (_malloc_r)
C:/Program Files/STM32CubeIDE_1.16.0/STM32CubeIDE/plugins/com.st.stm32cube.ide.mcu.externaltools.gnu-tools-for-stm32.12.3.rel1.win32_1.0.200.202406191623/tools/bin/../lib/gcc/arm-none-eabi/12.3.1/../../../../arm-none-eabi/lib/thumb/v7e-m+fp/hard\libc_nano.a(libc_a-mlock.o)
                              C:/Program Files/STM32CubeIDE_1.16.0/STM32CubeIDE/plugins/com.st.stm32cube.ide.mcu.externaltools.gnu-tools-for-stm32.12.3.rel1.win32_1.0.200.202406191623/tools/bin/../lib/gcc/arm-none-eabi/12.3.1/../../../../arm-none-eabi/lib/thumb/v7e-m+fp/hard\libc_nano.a(libc_a-mallocr.o) (__malloc_lock)
C:/Program Files/STM32CubeIDE_1.16.0/STM32CubeIDE/plugins/com.st.stm32cube.ide.mcu.externaltools.gnu-tools-for-stm32.12.3.rel1.win32_1.0.200.202406191623/tools/bin/../lib/gcc/arm-none-eabi/12.3.1/../../../../arm-none-eabi/lib/thumb/v7e-m+fp/hard\libc_nano.a(libc_a-findfp.o)
                              C:/Program Files/STM32CubeIDE_1.16.0/STM32CubeIDE/plugins/com.st.stm32cube.ide.mcu.externaltools.gnu-tools-for-stm32.12.3.rel1.win32_1.0.200.202406191623/tools/bin/../lib/gcc/arm-none-eabi/12.3.1/../../../../arm-none-eabi/lib/thumb/v7e-m+fp/hard\libc_nano.a(libc_a-exit.o) (__stdio_exit_handler)
C:/Program Files/STM32CubeIDE_1.16.0/STM32CubeIDE/plugins/com.st.stm32cube.ide.mcu.externaltools.gnu-tools-for-stm32.12.3.rel1.win32_1.0.200.202406191623/tools/bin/../lib/gcc/arm-none-eabi/12.3.1/../../../../arm-none-eabi/lib/thumb/v7e-m+fp/hard\libc_nano.a(libc_a-fwalk.o)
                              C:/Program Files/STM32CubeIDE_1.16.0/STM32CubeIDE/plugins/com.st.stm32cube.ide.mcu.externaltools.gnu-tools-for-stm32.12.3.rel1.win32_1.0.200.202406191623/tools/bin/../lib/gcc/arm-none-eabi/12.3.1/../../../../arm-none-eabi/lib/thumb/v7e-m+fp/hard\libc_nano.a(libc_a-findfp.o) (_fwalk_sglue)
C:/Program Files/STM32CubeIDE_1.16.0/STM32CubeIDE/plugins/com.st.stm32cube.ide.mcu.externaltools.gnu-tools-for-stm32.12.3.rel1.win32_1.0.200.202406191623/tools/bin/../lib/gcc/arm-none-eabi/12.3.1/../../../../arm-none-eabi/lib/thumb/v7e-m+fp/hard\libc_nano.a(libc_a-stdio.o)
                              C:/Program Files/STM32CubeIDE_1.16.0/STM32CubeIDE/plugins/com.st.stm32cube.ide.mcu.externaltools.gnu-tools-for-stm32.12.3.rel1.win32_1.0.200.202406191623/tools/bin/../lib/gcc/arm-none-eabi/12.3.1/../../../../arm-none-eabi/lib/thumb/v7e-m+fp/hard\libc_nano.a(libc_a-findfp.o) (__sread)
C:/Program Files/STM32CubeIDE_1.16.0/STM32CubeIDE/plugins/com.st.stm32cube.ide.mcu.externaltools.gnu-tools-for-stm32.12.3.rel1.win32_1.0.200.202406191623/tools/bin/../lib/gcc/arm-none-eabi/12.3.1/../../../../arm-none-eabi/lib/thumb/v7e-m+fp/hard\libc_nano.a(libc_a-memset.o)
                              C:/Program Files/STM32CubeIDE_1.16.0/STM32CubeIDE/plugins/com.st.stm32cube.ide.mcu.externaltools.gnu-tools-for-stm32.12.3.rel1.win32_1.0.200.202406191623/tools/bin/../lib/gcc/arm-none-eabi/12.3.1/../../../../arm-none-eabi/lib/thumb/v7e-m+fp/hard/crt0.o (memset)
C:/Program Files/STM32CubeIDE_1.16.0/STM32CubeIDE/plugins/com.st.stm32cube.ide.mcu.externaltools.gnu-tools-for-stm32.12.3.rel1.win32_1.0.200.202406191623/tools/bin/../lib/gcc/arm-none-eabi/12.3.1/../../../../arm-none-eabi/lib/thumb/v7e-m+fp/hard\libc_nano.a(libc_a-closer.o)
[...]
Memory Configuration

Name             Origin             Length             Attributes
CCMRAM           0x10000000         0x00010000         xrw
RAM              0x20000000         0x00020000         xrw
FLASH            0x08000000         0x00100000         xr
*default*        0x00000000         0xffffffff

Linker script and memory map

LOAD C:/Program Files/STM32CubeIDE_1.16.0/STM32CubeIDE/plugins/com.st.stm32cube.ide.mcu.externaltools.gnu-tools-for-stm32.12.3.rel1.win32_1.0.200.202406191623/tools/bin/../lib/gcc/arm-none-eabi/12.3.1/thumb/v7e-m+fp/hard/crti.o
LOAD C:/Program Files/STM32CubeIDE_1.16.0/STM32CubeIDE/plugins/com.st.stm32cube.ide.mcu.externaltools.gnu-tools-for-stm32.12.3.rel1.win32_1.0.200.202406191623/tools/bin/../lib/gcc/arm-none-eabi/12.3.1/thumb/v7e-m+fp/hard/crtbegin.o
LOAD C:/Program Files/STM32CubeIDE_1.16.0/STM32CubeIDE/plugins/com.st.stm32cube.ide.mcu.externaltools.gnu-tools-for-stm32.12.3.rel1.win32_1.0.200.202406191623/tools/bin/../lib/gcc/arm-none-eabi/12.3.1/../../../../arm-none-eabi/lib/thumb/v7e-m+fp/hard/crt0.o
LOAD ./Core/Src/freertos.o
LOAD ./Core/Src/main.o
LOAD ./Core/Src/stm32f4xx_hal_msp.o
LOAD ./Core/Src/stm32f4xx_it.o
LOAD ./Core/Src/syscalls.o
LOAD ./Core/Src/sysmem.o
LOAD ./Core/Src/system_stm32f4xx.o
LOAD ./Core/Startup/startup_stm32f407vgtx.o
LOAD ./Drivers/STM32F4xx_HAL_Driver/Src/stm32f4xx_hal.o
LOAD ./Drivers/STM32F4xx_HAL_Driver/Src/stm32f4xx_hal_cortex.o
LOAD ./Drivers/STM32F4xx_HAL_Driver/Src/stm32f4xx_hal_dma.o
LOAD ./Drivers/STM32F4xx_HAL_Driver/Src/stm32f4xx_hal_dma_ex.o
LOAD ./Drivers/STM32F4xx_HAL_Driver/Src/stm32f4xx_hal_exti.o
LOAD ./Drivers/STM32F4xx_HAL_Driver/Src/stm32f4xx_hal_flash.o
LOAD ./Drivers/STM32F4xx_HAL_Driver/Src/stm32f4xx_hal_flash_ex.o
LOAD ./Drivers/STM32F4xx_HAL_Driver/Src/stm32f4xx_hal_flash_ramfunc.o
LOAD ./Drivers/STM32F4xx_HAL_Driver/Src/stm32f4xx_hal_gpio.o
LOAD ./Drivers/STM32F4xx_HAL_Driver/Src/stm32f4xx_hal_hcd.o
LOAD ./Drivers/STM32F4xx_HAL_Driver/Src/stm32f4xx_hal_i2c.o
LOAD ./Drivers/STM32F4xx_HAL_Driver/Src/stm32f4xx_hal_i2c_ex.o
LOAD ./Drivers/STM32F4xx_HAL_Driver/Src/stm32f4xx_hal_i2s.o
LOAD ./Drivers/STM32F4xx_HAL_Driver/Src/stm32f4xx_hal_i2s_ex.o
LOAD ./Drivers/STM32F4xx_HAL_Driver/Src/stm32f4xx_hal_pwr.o
LOAD ./Drivers/STM32F4xx_HAL_Driver/Src/stm32f4xx_hal_pwr_ex.o
LOAD ./Drivers/STM32F4xx_HAL_Driver/Src/stm32f4xx_hal_rcc.o
LOAD ./Drivers/STM32F4xx_HAL_Driver/Src/stm32f4xx_hal_rcc_ex.o
LOAD ./Drivers/STM32F4xx_HAL_Driver/Src/stm32f4xx_hal_spi.o
LOAD ./Drivers/STM32F4xx_HAL_Driver/Src/stm32f4xx_hal_tim.o
LOAD ./Drivers/STM32F4xx_HAL_Driver/Src/stm32f4xx_hal_tim_ex.o
LOAD ./Drivers/STM32F4xx_HAL_Driver/Src/stm32f4xx_ll_usb.o
LOAD ./Middlewares/ST/STM32_USB_Host_Library/Class/CDC/Src/usbh_cdc.o
LOAD ./Middlewares/ST/STM32_USB_Host_Library/Core/Src/usbh_core.o
LOAD ./Middlewares/ST/STM32_USB_Host_Library/Core/Src/usbh_ctlreq.o
LOAD ./Middlewares/ST/STM32_USB_Host_Library/Core/Src/usbh_ioreq.o
LOAD ./Middlewares/ST/STM32_USB_Host_Library/Core/Src/usbh_pipes.o
LOAD ./Middlewares/Third_Party/FreeRTOS/Source/CMSIS_RTOS_V2/cmsis_os2.o
LOAD ./Middlewares/Third_Party/FreeRTOS/Source/croutine.o
LOAD ./Middlewares/Third_Party/FreeRTOS/Source/event_groups.o
LOAD ./Middlewares/Third_Party/FreeRTOS/Source/list.o
LOAD ./Middlewares/Third_Party/FreeRTOS/Source/queue.o
LOAD ./Middlewares/Third_Party/FreeRTOS/Source/stream_buffer.o
LOAD ./Middlewares/Third_Party/FreeRTOS/Source/tasks.o
LOAD ./Middlewares/Third_Party/FreeRTOS/Source/timers.o
LOAD ./Middlewares/Third_Party/FreeRTOS/Source/portable/GCC/ARM_CM4F/port.o
LOAD ./Middlewares/Third_Party/FreeRTOS/Source/portable/MemMang/heap_4.o
LOAD ./USB_HOST/App/usb_host.o
LOAD ./USB_HOST/Target/usbh_conf.o
LOAD ./USB_HOST/Target/usbh_platform.o
START GROUP
LOAD C:/Program Files/STM32CubeIDE_1.16.0/STM32CubeIDE/plugins/com.st.stm32cube.ide.mcu.externaltools.gnu-tools-for-stm32.12.3.rel1.win32_1.0.200.202406191623/tools/bin/../lib/gcc/arm-none-eabi/12.3.1/../../../../arm-none-eabi/lib/thumb/v7e-m+fp/hard\libc_nano.a
LOAD C:/Program Files/STM32CubeIDE_1.16.0/STM32CubeIDE/plugins/com.st.stm32cube.ide.mcu.externaltools.gnu-tools-for-stm32.12.3.rel1.win32_1.0.200.202406191623/tools/bin/../lib/gcc/arm-none-eabi/12.3.1/../../../../arm-none-eabi/lib/thumb/v7e-m+fp/hard\libm.a
END GROUP
START GROUP
LOAD C:/Program Files/STM32CubeIDE_1.16.0/STM32CubeIDE/plugins/com.st.stm32cube.ide.mcu.externaltools.gnu-tools-for-stm32.12.3.rel1.win32_1.0.200.202406191623/tools/bin/../lib/gcc/arm-none-eabi/12.3.1/thumb/v7e-m+fp/hard\libgcc.a
LOAD C:/Program Files/STM32CubeIDE_1.16.0/STM32CubeIDE/plugins/com.st.stm32cube.ide.mcu.externaltools.gnu-tools-for-stm32.12.3.rel1.win32_1.0.200.202406191623/tools/bin/../lib/gcc/arm-none-eabi/12.3.1/../../../../arm-none-eabi/lib/thumb/v7e-m+fp/hard\libc_nano.a
END GROUP
START GROUP
LOAD C:/Program Files/STM32CubeIDE_1.16.0/STM32CubeIDE/plugins/com.st.stm32cube.ide.mcu.externaltools.gnu-tools-for-stm32.12.3.rel1.win32_1.0.200.202406191623/tools/bin/../lib/gcc/arm-none-eabi/12.3.1/thumb/v7e-m+fp/hard\libgcc.a
LOAD C:/Program Files/STM32CubeIDE_1.16.0/STM32CubeIDE/plugins/com.st.stm32cube.ide.mcu.externaltools.gnu-tools-for-stm32.12.3.rel1.win32_1.0.200.202406191623/tools/bin/../lib/gcc/arm-none-eabi/12.3.1/../../../../arm-none-eabi/lib/thumb/v7e-m+fp/hard\libc_nano.a
LOAD C:/Program Files/STM32CubeIDE_1.16.0/STM32CubeIDE/plugins/com.st.stm32cube.ide.mcu.externaltools.gnu-tools-for-stm32.12.3.rel1.win32_1.0.200.202406191623/tools/bin/../lib/gcc/arm-none-eabi/12.3.1/../../../../arm-none-eabi/lib/thumb/v7e-m+fp/hard\libnosys.a
END GROUP
START GROUP
LOAD C:/Program Files/STM32CubeIDE_1.16.0/STM32CubeIDE/plugins/com.st.stm32cube.ide.mcu.externaltools.gnu-tools-for-stm32.12.3.rel1.win32_1.0.200.202406191623/tools/bin/../lib/gcc/arm-none-eabi/12.3.1/thumb/v7e-m+fp/hard\libgcc.a
LOAD C:/Program Files/STM32CubeIDE_1.16.0/STM32CubeIDE/plugins/com.st.stm32cube.ide.mcu.externaltools.gnu-tools-for-stm32.12.3.rel1.win32_1.0.200.202406191623/tools/bin/../lib/gcc/arm-none-eabi/12.3.1/../../../../arm-none-eabi/lib/thumb/v7e-m+fp/hard\libc_nano.a
LOAD C:/Program Files/STM32CubeIDE_1.16.0/STM32CubeIDE/plugins/com.st.stm32cube.ide.mcu.externaltools.gnu-tools-for-stm32.12.3.rel1.win32_1.0.200.202406191623/tools/bin/../lib/gcc/arm-none-eabi/12.3.1/../../../../arm-none-eabi/lib/thumb/v7e-m+fp/hard\libnosys.a
END GROUP
LOAD C:/Program Files/STM32CubeIDE_1.16.0/STM32CubeIDE/plugins/com.st.stm32cube.ide.mcu.externaltools.gnu-tools-for-stm32.12.3.rel1.win32_1.0.200.202406191623/tools/bin/../lib/gcc/arm-none-eabi/12.3.1/thumb/v7e-m+fp/hard/crtend.o
LOAD C:/Program Files/STM32CubeIDE_1.16.0/STM32CubeIDE/plugins/com.st.stm32cube.ide.mcu.externaltools.gnu-tools-for-stm32.12.3.rel1.win32_1.0.200.202406191623/tools/bin/../lib/gcc/arm-none-eabi/12.3.1/thumb/v7e-m+fp/hard/crtn.o
                0x20020000                        _estack = (ORIGIN (RAM) + LENGTH (RAM))
                0x00000200                        _Min_Heap_Size = 0x200
                0x00000400                        _Min_Stack_Size = 0x400

.isr_vector     0x08000000      0x188
                0x08000000                        . = ALIGN (0x4)
 *(.isr_vector)
 .isr_vector    0x08000000      0x188 ./Core/Startup/startup_stm32f407vgtx.o
                0x08000000                g_pfnVectors
                0x08000188                        . = ALIGN (0x4)

.text           0x08000190     0xc16c
                0x08000190                        . = ALIGN (0x4)
 *(.text)
 .text          0x08000190       0x40 C:/Program Files/STM32CubeIDE_1.16.0/STM32CubeIDE/plugins/com.st.stm32cube.ide.mcu.externaltools.gnu-tools-for-stm32.12.3.rel1.win32_1.0.200.202406191623/tools/bin/../lib/gcc/arm-none-eabi/12.3.1/thumb/v7e-m+fp/hard/crtbegin.o
 .text          0x080001d0       0x30 C:/Program Files/STM32CubeIDE_1.16.0/STM32CubeIDE/plugins/com.st.stm32cube.ide.mcu.externaltools.gnu-tools-for-stm32.12.3.rel1.win32_1.0.200.202406191623/tools/bin/../lib/gcc/arm-none-eabi/12.3.1/thumb/v7e-m+fp/hard\libgcc.a(_aeabi_uldivmod.o)
                0x080001d0                __aeabi_uldivmod
 .text          0x08000200      0x2bc C:/Program Files/STM32CubeIDE_1.16.0/STM32CubeIDE/plugins/com.st.stm32cube.ide.mcu.externaltools.gnu-tools-for-stm32.12.3.rel1.win32_1.0.200.202406191623/tools/bin/../lib/gcc/arm-none-eabi/12.3.1/thumb/v7e-m+fp/hard\libgcc.a(_udivmoddi4.o)
                0x08000200                __udivmoddi4
 .text          0x080004bc        0x4 C:/Program Files/STM32CubeIDE_1.16.0/STM32CubeIDE/plugins/com.st.stm32cube.ide.mcu.externaltools.gnu-tools-for-stm32.12.3.rel1.win32_1.0.200.202406191623/tools/bin/../lib/gcc/arm-none-eabi/12.3.1/thumb/v7e-m+fp/hard\libgcc.a(_dvmd_tls.o)
                0x080004bc                __aeabi_idiv0
                0x080004bc                __aeabi_ldiv0
 *(.text*)
 .text.main     0x080004c0       0x48 ./Core/Src/main.o
                0x080004c0                main
 .text.SystemClock_Config
                0x08000508       0xd4 ./Core/Src/main.o
                0x08000508                SystemClock_Config
 .text.MX_I2C1_Init
                0x080005dc       0x5c ./Core/Src/main.o
 .text.MX_I2S3_Init
                0x08000638       0x60 ./Core/Src/main.o
 .text.MX_SPI1_Init
                0x08000698       0x6c ./Core/Src/main.o
 .text.MX_TIM7_Init
                0x08000704       0x6c ./Core/Src/main.o
 .text.MX_GPIO_Init
                0x08000770      0x1fc ./Core/Src/main.o
 .text.StartDefaultTask
                0x0800096c       0x24 ./Core/Src/main.o
                0x0800096c                StartDefaultTask
 .text.Error_Handler
                0x08000990        0xc ./Core/Src/main.o
                0x08000990                Error_Handler
 .text.HAL_MspInit
                0x0800099c       0x58 ./Core/Src/stm32f4xx_hal_msp.o
                0x0800099c                HAL_MspInit
 .text.HAL_I2C_MspInit
                0x080009f4       0x90 ./Core/Src/stm32f4xx_hal_msp.o
                0x080009f4                HAL_I2C_MspInit
 .text.HAL_I2S_MspInit
                0x08000a84      0x100 ./Core/Src/stm32f4xx_hal_msp.o
                0x08000a84                HAL_I2S_MspInit
 .text.HAL_SPI_MspInit
                0x08000b84       0x90 ./Core/Src/stm32f4xx_hal_msp.o
                0x08000b84                HAL_SPI_MspInit
 .text.HAL_TIM_Base_MspInit
                0x08000c14       0x44 ./Core/Src/stm32f4xx_hal_msp.o
                0x08000c14                HAL_TIM_Base_MspInit
 .text.NMI_Handler
                0x08000c58        0x8 ./Core/Src/stm32f4xx_it.o
                0x08000c58                NMI_Handler
 .text.HardFault_Handler
                0x08000c60        0x8 ./Core/Src/stm32f4xx_it.o
                0x08000c60                HardFault_Handler
 .text.MemManage_Handler
                0x08000c68        0x8 ./Core/Src/stm32f4xx_it.o
                0x08000c68                MemManage_Handler
 .text.BusFault_Handler
                0x08000c70        0x8 ./Core/Src/stm32f4xx_it.o
                0x08000c70                BusFault_Handler
 .text.UsageFault_Handler
                0x08000c78        0x8 ./Core/Src/stm32f4xx_it.o
                0x08000c78                UsageFault_Handler
 .text.DebugMon_Handler
                0x08000c80        0xe ./Core/Src/stm32f4xx_it.o
                0x08000c80                DebugMon_Handler
 .text.SysTick_Handler
                0x08000c8e       0x1a ./Core/Src/stm32f4xx_it.o
                0x08000c8e                SysTick_Handler
 .text.OTG_FS_IRQHandler
                0x08000ca8       0x14 ./Core/Src/stm32f4xx_it.o
                0x08000ca8                OTG_FS_IRQHandler
 .text._sbrk    0x08000cbc       0x6c ./Core/Src/sysmem.o
                0x08000cbc                _sbrk
 .text.SystemInit
                0x08000d28       0x24 ./Core/Src/system_stm32f4xx.o
                0x08000d28                SystemInit
 .text.Reset_Handler
                0x08000d4c       0x50 ./Core/Startup/startup_stm32f407vgtx.o
                0x08000d4c                Reset_Handler
 .text.Default_Handler
                0x08000d9c        0x2 ./Core/Startup/startup_stm32f407vgtx.o
                0x08000d9c                RTC_Alarm_IRQHandler
                0x08000d9c                HASH_RNG_IRQHandler
                0x08000d9c                EXTI2_IRQHandler
                0x08000d9c                TIM8_CC_IRQHandler
                0x08000d9c                TIM1_CC_IRQHandler
                0x08000d9c                DMA2_Stream5_IRQHandler
                0x08000d9c                DMA1_Stream5_IRQHandler
                0x08000d9c                PVD_IRQHandler
                0x08000d9c                SDIO_IRQHandler
                0x08000d9c                TAMP_STAMP_IRQHandler
                0x08000d9c                CAN2_RX1_IRQHandler
                0x08000d9c                EXTI3_IRQHandler
                0x08000d9c                TIM8_TRG_COM_TIM14_IRQHandler
                0x08000d9c                TIM1_UP_TIM10_IRQHandler
                0x08000d9c                TIM8_UP_TIM13_IRQHandler
                0x08000d9c                I2C3_ER_IRQHandler
                0x08000d9c                EXTI0_IRQHandler
                0x08000d9c                I2C2_EV_IRQHandler
                0x08000d9c                DMA1_Stream2_IRQHandler
                0x08000d9c                CAN1_RX0_IRQHandler
                0x08000d9c                FPU_IRQHandler
                0x08000d9c                OTG_HS_WKUP_IRQHandler
                0x08000d9c                CAN2_SCE_IRQHandler
                0x08000d9c                DMA2_Stream2_IRQHandler
                0x08000d9c                SPI1_IRQHandler
                0x08000d9c                TIM6_DAC_IRQHandler
                0x08000d9c                TIM1_BRK_TIM9_IRQHandler
                0x08000d9c                DCMI_IRQHandler
                0x08000d9c                CAN2_RX0_IRQHandler
                0x08000d9c                DMA2_Stream3_IRQHandler
                0x08000d9c                USART6_IRQHandler
                0x08000d9c                USART3_IRQHandler
                0x08000d9c                CAN1_RX1_IRQHandler
                0x08000d9c                UART5_IRQHandler
                0x08000d9c                DMA2_Stream0_IRQHandler
                0x08000d9c                TIM4_IRQHandler
                0x08000d9c                I2C1_EV_IRQHandler
                0x08000d9c                DMA1_Stream6_IRQHandler
                0x08000d9c                DMA1_Stream1_IRQHandler
                0x08000d9c                UART4_IRQHandler
                0x08000d9c                TIM3_IRQHandler
                0x08000d9c                RCC_IRQHandler
                0x08000d9c                TIM8_BRK_TIM12_IRQHandler
                0x08000d9c                Default_Handler
                0x08000d9c                EXTI15_10_IRQHandler
                0x08000d9c                ADC_IRQHandler
                0x08000d9c                DMA1_Stream7_IRQHandler
                0x08000d9c                TIM7_IRQHandler
                0x08000d9c                CAN2_TX_IRQHandler
                0x08000d9c                TIM5_IRQHandler
                0x08000d9c                DMA2_Stream7_IRQHandler
                0x08000d9c                I2C3_EV_IRQHandler
                0x08000d9c                EXTI9_5_IRQHandler
                0x08000d9c                RTC_WKUP_IRQHandler
                0x08000d9c                ETH_WKUP_IRQHandler
                0x08000d9c                SPI2_IRQHandler
                0x08000d9c                OTG_HS_EP1_IN_IRQHandler
                0x08000d9c                DMA1_Stream0_IRQHandler
                0x08000d9c                CAN1_TX_IRQHandler
                0x08000d9c                EXTI4_IRQHandler
                0x08000d9c                FSMC_IRQHandler
                0x08000d9c                ETH_IRQHandler
                0x08000d9c                OTG_HS_EP1_OUT_IRQHandler
                0x08000d9c                WWDG_IRQHandler
                0x08000d9c                TIM2_IRQHandler
                0x08000d9c                OTG_FS_WKUP_IRQHandler
                0x08000d9c                TIM1_TRG_COM_TIM11_IRQHandler
                0x08000d9c                OTG_HS_IRQHandler
                0x08000d9c                EXTI1_IRQHandler
                0x08000d9c                USART2_IRQHandler
                0x08000d9c                I2C2_ER_IRQHandler
                0x08000d9c                DMA2_Stream1_IRQHandler
                0x08000d9c                CAN1_SCE_IRQHandler
                0x08000d9c                FLASH_IRQHandler
                0x08000d9c                DMA2_Stream4_IRQHandler
                0x08000d9c                USART1_IRQHandler
                0x08000d9c                SPI3_IRQHandler
                0x08000d9c                DMA1_Stream4_IRQHandler
                0x08000d9c                I2C1_ER_IRQHandler
                0x08000d9c                DMA2_Stream6_IRQHandler
                0x08000d9c                DMA1_Stream3_IRQHandler
 *fill*         0x08000d9e        0x2 
 .text.HAL_Init
                0x08000da0       0x44 ./Drivers/STM32F4xx_HAL_Driver/Src/stm32f4xx_hal.o
                0x08000da0                HAL_Init
 .text.HAL_InitTick
                0x08000de4       0x60 ./Drivers/STM32F4xx_HAL_Driver/Src/stm32f4xx_hal.o
                0x08000de4                HAL_InitTick
 .text.HAL_IncTick
                0x08000e44       0x28 ./Drivers/STM32F4xx_HAL_Driver/Src/stm32f4xx_hal.o
                0x08000e44                HAL_IncTick
 .text.HAL_GetTick
                0x08000e6c       0x18 ./Drivers/STM32F4xx_HAL_Driver/Src/stm32f4xx_hal.o
                0x08000e6c                HAL_GetTick
 .text.HAL_Delay
                0x08000e84       0x48 ./Drivers/STM32F4xx_HAL_Driver/Src/stm32f4xx_hal.o
                0x08000e84                HAL_Delay
 .text.__NVIC_SetPriorityGrouping
                0x08000ecc       0x48 ./Drivers/STM32F4xx_HAL_Driver/Src/stm32f4xx_hal_cortex.o
 .text.__NVIC_GetPriorityGrouping
                0x08000f14       0x1c ./Drivers/STM32F4xx_HAL_Driver/Src/stm32f4xx_hal_cortex.o
 .text.__NVIC_EnableIRQ
                0x08000f30       0x3c ./Drivers/STM32F4xx_HAL_Driver/Src/stm32f4xx_hal_cortex.o
 .text.__NVIC_SetPriority
                0x08000f6c       0x54 ./Drivers/STM32F4xx_HAL_Driver/Src/stm32f4xx_hal_cortex.o
 .text.NVIC_EncodePriority
                0x08000fc0       0x66 ./Drivers/STM32F4xx_HAL_Driver/Src/stm32f4xx_hal_cortex.o
 *fill*         0x08001026        0x2 
 .text.SysTick_Config
                0x08001028       0x44 ./Drivers/STM32F4xx_HAL_Driver/Src/stm32f4xx_hal_cortex.o
 .text.HAL_NVIC_SetPriorityGrouping
                0x0800106c       0x16 ./Drivers/STM32F4xx_HAL_Driver/Src/stm32f4xx_hal_cortex.o
                0x0800106c                HAL_NVIC_SetPriorityGrouping
 .text.HAL_NVIC_SetPriority
                0x08001082       0x38 ./Drivers/STM32F4xx_HAL_Driver/Src/stm32f4xx_hal_cortex.o
                0x08001082                HAL_NVIC_SetPriority
 .text.HAL_NVIC_EnableIRQ
                0x080010ba       0x1c ./Drivers/STM32F4xx_HAL_Driver/Src/stm32f4xx_hal_cortex.o
                0x080010ba                HAL_NVIC_EnableIRQ
 .text.HAL_SYSTICK_Config
                0x080010d6       0x18 ./Drivers/STM32F4xx_HAL_Driver/Src/stm32f4xx_hal_cortex.o
                0x080010d6                HAL_SYSTICK_Config
 *fill*         0x080010ee        0x2 
 .text.HAL_GPIO_Init
                0x080010f0      0x338 ./Drivers/STM32F4xx_HAL_Driver/Src/stm32f4xx_hal_gpio.o
                0x080010f0                HAL_GPIO_Init
 .text.HAL_GPIO_WritePin
                0x08001428       0x32 ./Drivers/STM32F4xx_HAL_Driver/Src/stm32f4xx_hal_gpio.o
                0x08001428                HAL_GPIO_WritePin
 .text.HAL_GPIO_TogglePin
                0x0800145a       0x34 ./Drivers/STM32F4xx_HAL_Driver/Src/stm32f4xx_hal_gpio.o
                0x0800145a                HAL_GPIO_TogglePin
 .text.HAL_HCD_Init
                0x0800148e       0xce ./Drivers/STM32F4xx_HAL_Driver/Src/stm32f4xx_hal_hcd.o
                0x0800148e                HAL_HCD_Init
 .text.HAL_HCD_HC_Init
                0x0800155c      0x170 ./Drivers/STM32F4xx_HAL_Driver/Src/stm32f4xx_hal_hcd.o
                0x0800155c                HAL_HCD_HC_Init
 .text.HAL_HCD_HC_Halt
                0x080016cc       0x46 ./Drivers/STM32F4xx_HAL_Driver/Src/stm32f4xx_hal_hcd.o
                0x080016cc                HAL_HCD_HC_Halt
 *fill*         0x08001712        0x2 
 .text.HAL_HCD_HC_SubmitRequest
                0x08001714      0x33c ./Drivers/STM32F4xx_HAL_Driver/Src/stm32f4xx_hal_hcd.o
                0x08001714                HAL_HCD_HC_SubmitRequest
 .text.HAL_HCD_IRQHandler
                0x08001a50      0x220 ./Drivers/STM32F4xx_HAL_Driver/Src/stm32f4xx_hal_hcd.o
                0x08001a50                HAL_HCD_IRQHandler
 .text.HAL_HCD_Start
                0x08001c70       0x46 ./Drivers/STM32F4xx_HAL_Driver/Src/stm32f4xx_hal_hcd.o
                0x08001c70                HAL_HCD_Start
 .text.HAL_HCD_Stop
                0x08001cb6       0x3a ./Drivers/STM32F4xx_HAL_Driver/Src/stm32f4xx_hal_hcd.o
                0x08001cb6                HAL_HCD_Stop
 .text.HAL_HCD_ResetPort
                0x08001cf0       0x1c ./Drivers/STM32F4xx_HAL_Driver/Src/stm32f4xx_hal_hcd.o
                0x08001cf0                HAL_HCD_ResetPort
 .text.HAL_HCD_HC_GetURBState
                0x08001d0c       0x2a ./Drivers/STM32F4xx_HAL_Driver/Src/stm32f4xx_hal_hcd.o
                0x08001d0c                HAL_HCD_HC_GetURBState
 .text.HAL_HCD_HC_GetXferCount
                0x08001d36       0x2a ./Drivers/STM32F4xx_HAL_Driver/Src/stm32f4xx_hal_hcd.o
                0x08001d36                HAL_HCD_HC_GetXferCount
 .text.HAL_HCD_GetCurrentFrame
                0x08001d60       0x1c ./Drivers/STM32F4xx_HAL_Driver/Src/stm32f4xx_hal_hcd.o
                0x08001d60                HAL_HCD_GetCurrentFrame
 .text.HAL_HCD_GetCurrentSpeed
                0x08001d7c       0x1c ./Drivers/STM32F4xx_HAL_Driver/Src/stm32f4xx_hal_hcd.o
                0x08001d7c                HAL_HCD_GetCurrentSpeed
 .text.HAL_HCD_HC_ClearHubInfo
                0x08001d98       0x6a ./Drivers/STM32F4xx_HAL_Driver/Src/stm32f4xx_hal_hcd.o
                0x08001d98                HAL_HCD_HC_ClearHubInfo
 .text.HCD_HC_IN_IRQHandler
                0x08001e02      0xcd2 ./Drivers/STM32F4xx_HAL_Driver/Src/stm32f4xx_hal_hcd.o
 .text.HCD_HC_OUT_IRQHandler
                0x08002ad4      0x97e ./Drivers/STM32F4xx_HAL_Driver/Src/stm32f4xx_hal_hcd.o
 .text.HCD_RXQLVL_IRQHandler
                0x08003452      0x1be ./Drivers/STM32F4xx_HAL_Driver/Src/stm32f4xx_hal_hcd.o
 .text.HCD_Port_IRQHandler
                0x08003610       0xe6 ./Drivers/STM32F4xx_HAL_Driver/Src/stm32f4xx_hal_hcd.o
 *fill*         0x080036f6        0x2 
 .text.HAL_I2C_Init
                0x080036f8      0x288 ./Drivers/STM32F4xx_HAL_Driver/Src/stm32f4xx_hal_i2c.o
                0x080036f8                HAL_I2C_Init
 .text.HAL_I2S_Init
                0x08003980      0x280 ./Drivers/STM32F4xx_HAL_Driver/Src/stm32f4xx_hal_i2s.o
                0x08003980                HAL_I2S_Init
 .text.HAL_I2S_TxCpltCallback
                0x08003c00       0x14 ./Drivers/STM32F4xx_HAL_Driver/Src/stm32f4xx_hal_i2s.o
                0x08003c00                HAL_I2S_TxCpltCallback
 .text.HAL_I2S_RxCpltCallback
                0x08003c14       0x14 ./Drivers/STM32F4xx_HAL_Driver/Src/stm32f4xx_hal_i2s.o
                0x08003c14                HAL_I2S_RxCpltCallback
 .text.HAL_I2S_ErrorCallback
                0x08003c28       0x14 ./Drivers/STM32F4xx_HAL_Driver/Src/stm32f4xx_hal_i2s.o
                0x08003c28                HAL_I2S_ErrorCallback
 .text.I2S_Transmit_IT
                0x08003c3c       0x5c ./Drivers/STM32F4xx_HAL_Driver/Src/stm32f4xx_hal_i2s.o
 .text.I2S_Receive_IT
                0x08003c98       0x5e ./Drivers/STM32F4xx_HAL_Driver/Src/stm32f4xx_hal_i2s.o
 .text.I2S_IRQHandler
                0x08003cf6      0x114 ./Drivers/STM32F4xx_HAL_Driver/Src/stm32f4xx_hal_i2s.o
 *fill*         0x08003e0a        0x2 
 .text.HAL_I2SEx_FullDuplex_IRQHandler
                0x08003e0c      0x2a8 ./Drivers/STM32F4xx_HAL_Driver/Src/stm32f4xx_hal_i2s_ex.o
                0x08003e0c                HAL_I2SEx_FullDuplex_IRQHandler
 .text.HAL_I2SEx_TxRxCpltCallback
                0x080040b4       0x14 ./Drivers/STM32F4xx_HAL_Driver/Src/stm32f4xx_hal_i2s_ex.o
                0x080040b4                HAL_I2SEx_TxRxCpltCallback
 .text.I2SEx_TxISR_I2S
                0x080040c8       0x62 ./Drivers/STM32F4xx_HAL_Driver/Src/stm32f4xx_hal_i2s_ex.o
 *fill*         0x0800412a        0x2 
 .text.I2SEx_TxISR_I2SExt
                0x0800412c       0x98 ./Drivers/STM32F4xx_HAL_Driver/Src/stm32f4xx_hal_i2s_ex.o
 .text.I2SEx_RxISR_I2S
                0x080041c4       0x64 ./Drivers/STM32F4xx_HAL_Driver/Src/stm32f4xx_hal_i2s_ex.o
 .text.I2SEx_RxISR_I2SExt
                0x08004228       0x98 ./Drivers/STM32F4xx_HAL_Driver/Src/stm32f4xx_hal_i2s_ex.o
 .text.HAL_RCC_OscConfig
                0x080042c0      0x4f0 ./Drivers/STM32F4xx_HAL_Driver/Src/stm32f4xx_hal_rcc.o
                0x080042c0                HAL_RCC_OscConfig
 .text.HAL_RCC_ClockConfig
                0x080047b0      0x1cc ./Drivers/STM32F4xx_HAL_Driver/Src/stm32f4xx_hal_rcc.o
                0x080047b0                HAL_RCC_ClockConfig
 .text.HAL_RCC_GetSysClockFreq
                0x0800497c      0x20c ./Drivers/STM32F4xx_HAL_Driver/Src/stm32f4xx_hal_rcc.o
                0x0800497c                HAL_RCC_GetSysClockFreq
 .text.HAL_RCC_GetHCLKFreq
                0x08004b88       0x18 ./Drivers/STM32F4xx_HAL_Driver/Src/stm32f4xx_hal_rcc.o
                0x08004b88                HAL_RCC_GetHCLKFreq
 .text.HAL_RCC_GetPCLK1Freq
                0x08004ba0       0x28 ./Drivers/STM32F4xx_HAL_Driver/Src/stm32f4xx_hal_rcc.o
                0x08004ba0                HAL_RCC_GetPCLK1Freq
 .text.HAL_RCCEx_PeriphCLKConfig
                0x08004bc8      0x1c4 ./Drivers/STM32F4xx_HAL_Driver/Src/stm32f4xx_hal_rcc_ex.o
                0x08004bc8                HAL_RCCEx_PeriphCLKConfig
 .text.HAL_RCCEx_GetPeriphCLKFreq
                0x08004d8c       0xc0 ./Drivers/STM32F4xx_HAL_Driver/Src/stm32f4xx_hal_rcc_ex.o
                0x08004d8c                HAL_RCCEx_GetPeriphCLKFreq
 .text.HAL_SPI_Init
                0x08004e4c      0x112 ./Drivers/STM32F4xx_HAL_Driver/Src/stm32f4xx_hal_spi.o
                0x08004e4c                HAL_SPI_Init
 .text.HAL_TIM_Base_Init
                0x08004f5e       0x9e ./Drivers/STM32F4xx_HAL_Driver/Src/stm32f4xx_hal_tim.o
                0x08004f5e                HAL_TIM_Base_Init
 .text.TIM_Base_SetConfig
                0x08004ffc      0x158 ./Drivers/STM32F4xx_HAL_Driver/Src/stm32f4xx_hal_tim.o
                0x08004ffc                TIM_Base_SetConfig
 .text.HAL_TIMEx_MasterConfigSynchronization
                0x08005154       0xf8 ./Drivers/STM32F4xx_HAL_Driver/Src/stm32f4xx_hal_tim_ex.o
                0x08005154                HAL_TIMEx_MasterConfigSynchronization
 .text.USB_CoreInit
                0x0800524c       0xc8 ./Drivers/STM32F4xx_HAL_Driver/Src/stm32f4xx_ll_usb.o
                0x0800524c                USB_CoreInit
 .text.USB_EnableGlobalInt
                0x08005314       0x22 ./Drivers/STM32F4xx_HAL_Driver/Src/stm32f4xx_ll_usb.o
                0x08005314                USB_EnableGlobalInt
 .text.USB_DisableGlobalInt
                0x08005336       0x22 ./Drivers/STM32F4xx_HAL_Driver/Src/stm32f4xx_ll_usb.o
                0x08005336                USB_DisableGlobalInt
 .text.USB_SetCurrentMode
                0x08005358       0x98 ./Drivers/STM32F4xx_HAL_Driver/Src/stm32f4xx_ll_usb.o
                0x08005358                USB_SetCurrentMode
 .text.USB_FlushTxFifo
                0x080053f0       0x64 ./Drivers/STM32F4xx_HAL_Driver/Src/stm32f4xx_ll_usb.o
                0x080053f0                USB_FlushTxFifo
 .text.USB_FlushRxFifo
                0x08005454       0x5c ./Drivers/STM32F4xx_HAL_Driver/Src/stm32f4xx_ll_usb.o
                0x08005454                USB_FlushRxFifo
 .text.USB_WritePacket
                0x080054b0       0x7c ./Drivers/STM32F4xx_HAL_Driver/Src/stm32f4xx_ll_usb.o
                0x080054b0                USB_WritePacket
 .text.USB_ReadPacket
                0x0800552c       0xb0 ./Drivers/STM32F4xx_HAL_Driver/Src/stm32f4xx_ll_usb.o
                0x0800552c                USB_ReadPacket
 .text.USB_ReadInterrupts
                0x080055dc       0x26 ./Drivers/STM32F4xx_HAL_Driver/Src/stm32f4xx_ll_usb.o
                0x080055dc                USB_ReadInterrupts
 .text.USB_ReadChInterrupts
                0x08005602       0x42 ./Drivers/STM32F4xx_HAL_Driver/Src/stm32f4xx_ll_usb.o
                0x08005602                USB_ReadChInterrupts
 .text.USB_GetMode
                0x08005644       0x1c ./Drivers/STM32F4xx_HAL_Driver/Src/stm32f4xx_ll_usb.o
                0x08005644                USB_GetMode
 .text.USB_CoreReset
                0x08005660       0x62 ./Drivers/STM32F4xx_HAL_Driver/Src/stm32f4xx_ll_usb.o
 *fill*         0x080056c2        0x2 
 .text.USB_HostInit
                0x080056c4      0x188 ./Drivers/STM32F4xx_HAL_Driver/Src/stm32f4xx_ll_usb.o
                0x080056c4                USB_HostInit
 .text.USB_InitFSLSPClkSel
                0x0800584c       0x7a ./Drivers/STM32F4xx_HAL_Driver/Src/stm32f4xx_ll_usb.o
                0x0800584c                USB_InitFSLSPClkSel
 .text.USB_ResetPort
                0x080058c6       0x54 ./Drivers/STM32F4xx_HAL_Driver/Src/stm32f4xx_ll_usb.o
                0x080058c6                USB_ResetPort
 .text.USB_DriveVbus
                0x0800591a       0x72 ./Drivers/STM32F4xx_HAL_Driver/Src/stm32f4xx_ll_usb.o
                0x0800591a                USB_DriveVbus
 .text.USB_GetHostSpeed
                0x0800598c       0x2e ./Drivers/STM32F4xx_HAL_Driver/Src/stm32f4xx_ll_usb.o
                0x0800598c                USB_GetHostSpeed
 .text.USB_GetCurrentFrame
                0x080059ba       0x22 ./Drivers/STM32F4xx_HAL_Driver/Src/stm32f4xx_ll_usb.o
                0x080059ba                USB_GetCurrentFrame
 .text.USB_HC_Init
                0x080059dc      0x258 ./Drivers/STM32F4xx_HAL_Driver/Src/stm32f4xx_ll_usb.o
                0x080059dc                USB_HC_Init
 .text.USB_HC_StartXfer
                0x08005c34      0x4f4 ./Drivers/STM32F4xx_HAL_Driver/Src/stm32f4xx_ll_usb.o
                0x08005c34                USB_HC_StartXfer
 .text.USB_HC_ReadInterrupt
                0x08006128       0x22 ./Drivers/STM32F4xx_HAL_Driver/Src/stm32f4xx_ll_usb.o
                0x08006128                USB_HC_ReadInterrupt
 .text.USB_HC_Halt
                0x0800614a      0x240 ./Drivers/STM32F4xx_HAL_Driver/Src/stm32f4xx_ll_usb.o
                0x0800614a                USB_HC_Halt
 *fill*         0x0800638a        0x2 
 .text.USB_DoPing
                0x0800638c       0x78 ./Drivers/STM32F4xx_HAL_Driver/Src/stm32f4xx_ll_usb.o
                0x0800638c                USB_DoPing
 .text.USB_StopHost
                0x08006404      0x124 ./Drivers/STM32F4xx_HAL_Driver/Src/stm32f4xx_ll_usb.o
                0x08006404                USB_StopHost
 .text.USBH_CDC_InterfaceInit
                0x08006528      0x2ac ./Middlewares/ST/STM32_USB_Host_Library/Class/CDC/Src/usbh_cdc.o
 .text.USBH_CDC_InterfaceDeInit
                0x080067d4       0xb2 ./Middlewares/ST/STM32_USB_Host_Library/Class/CDC/Src/usbh_cdc.o
 .text.USBH_CDC_ClassRequest
                0x08006886       0x3e ./Middlewares/ST/STM32_USB_Host_Library/Class/CDC/Src/usbh_cdc.o
 .text.USBH_CDC_Process
                0x080068c4      0x12c ./Middlewares/ST/STM32_USB_Host_Library/Class/CDC/Src/usbh_cdc.o
 .text.USBH_CDC_SOFProcess
                0x080069f0       0x16 ./Middlewares/ST/STM32_USB_Host_Library/Class/CDC/Src/usbh_cdc.o
 .text.GetLineCoding
                0x08006a06       0x3e ./Middlewares/ST/STM32_USB_Host_Library/Class/CDC/Src/usbh_cdc.o
 .text.SetLineCoding
                0x08006a44       0x3e ./Middlewares/ST/STM32_USB_Host_Library/Class/CDC/Src/usbh_cdc.o
 .text.CDC_ProcessTransmission
                0x08006a82      0x124 ./Middlewares/ST/STM32_USB_Host_Library/Class/CDC/Src/usbh_cdc.o
 .text.CDC_ProcessReception
                0x08006ba6       0xd2 ./Middlewares/ST/STM32_USB_Host_Library/Class/CDC/Src/usbh_cdc.o
 .text.USBH_CDC_TransmitCallback
                0x08006c78       0x14 ./Middlewares/ST/STM32_USB_Host_Library/Class/CDC/Src/usbh_cdc.o
                0x08006c78                USBH_CDC_TransmitCallback
 .text.USBH_CDC_ReceiveCallback
                0x08006c8c       0x14 ./Middlewares/ST/STM32_USB_Host_Library/Class/CDC/Src/usbh_cdc.o
                0x08006c8c                USBH_CDC_ReceiveCallback
 .text.USBH_CDC_LineCodingChanged
                0x08006ca0       0x14 ./Middlewares/ST/STM32_USB_Host_Library/Class/CDC/Src/usbh_cdc.o
                0x08006ca0                USBH_CDC_LineCodingChanged
 .text.USBH_Init
                0x08006cb4       0xb8 ./Middlewares/ST/STM32_USB_Host_Library/Core/Src/usbh_core.o
                0x08006cb4                USBH_Init
 .text.DeInitStateMachine
                0x08006d6c       0xe6 ./Middlewares/ST/STM32_USB_Host_Library/Core/Src/usbh_core.o
 .text.USBH_RegisterClass
                0x08006e52       0x54 ./Middlewares/ST/STM32_USB_Host_Library/Core/Src/usbh_core.o
                0x08006e52                USBH_RegisterClass
 .text.USBH_SelectInterface
                0x08006ea6       0x38 ./Middlewares/ST/STM32_USB_Host_Library/Core/Src/usbh_core.o
                0x08006ea6                USBH_SelectInterface
 .text.USBH_FindInterface
                0x08006ede       0x8c ./Middlewares/ST/STM32_USB_Host_Library/Core/Src/usbh_core.o
                0x08006ede                USBH_FindInterface
 .text.USBH_Start
                0x08006f6a       0x20 ./Middlewares/ST/STM32_USB_Host_Library/Core/Src/usbh_core.o
                0x08006f6a                USBH_Start
 *fill*         0x08006f8a        0x2 
 .text.USBH_Process
                0x08006f8c      0x4d4 ./Middlewares/ST/STM32_USB_Host_Library/Core/Src/usbh_core.o
                0x08006f8c                USBH_Process
 .text.USBH_HandleEnum
                0x08007460      0x450 ./Middlewares/ST/STM32_USB_Host_Library/Core/Src/usbh_core.o
 .text.USBH_LL_SetTimer
                0x080078b0       0x1e ./Middlewares/ST/STM32_USB_Host_Library/Core/Src/usbh_core.o
                0x080078b0                USBH_LL_SetTimer
 .text.USBH_LL_IncTimer
                0x080078ce       0x24 ./Middlewares/ST/STM32_USB_Host_Library/Core/Src/usbh_core.o
                0x080078ce                USBH_LL_IncTimer
 .text.USBH_HandleSof
                0x080078f2       0x30 ./Middlewares/ST/STM32_USB_Host_Library/Core/Src/usbh_core.o
 .text.USBH_LL_PortEnabled
                0x08007922       0x34 ./Middlewares/ST/STM32_USB_Host_Library/Core/Src/usbh_core.o
                0x08007922                USBH_LL_PortEnabled
 .text.USBH_LL_PortDisabled
                0x08007956       0x1c ./Middlewares/ST/STM32_USB_Host_Library/Core/Src/usbh_core.o
                0x08007956                USBH_LL_PortDisabled
 .text.USBH_LL_Connect
                0x08007972       0x46 ./Middlewares/ST/STM32_USB_Host_Library/Core/Src/usbh_core.o
                0x08007972                USBH_LL_Connect
 .text.USBH_LL_Disconnect
                0x080079b8       0x64 ./Middlewares/ST/STM32_USB_Host_Library/Core/Src/usbh_core.o
                0x080079b8                USBH_LL_Disconnect
 .text.USBH_Process_OS
                0x08007a1c       0x2e ./Middlewares/ST/STM32_USB_Host_Library/Core/Src/usbh_core.o
 .text.USBH_LL_NotifyURBChange
                0x08007a4a       0x2e ./Middlewares/ST/STM32_USB_Host_Library/Core/Src/usbh_core.o
                0x08007a4a                USBH_LL_NotifyURBChange
 .text.USBH_Get_DevDesc
                0x08007a78       0x58 ./Middlewares/ST/STM32_USB_Host_Library/Core/Src/usbh_ctlreq.o
                0x08007a78                USBH_Get_DevDesc
 .text.USBH_Get_CfgDesc
                0x08007ad0       0x54 ./Middlewares/ST/STM32_USB_Host_Library/Core/Src/usbh_ctlreq.o
                0x08007ad0                USBH_Get_CfgDesc
 .text.USBH_Get_StringDesc
                0x08007b24       0x68 ./Middlewares/ST/STM32_USB_Host_Library/Core/Src/usbh_ctlreq.o
                0x08007b24                USBH_Get_StringDesc
 .text.USBH_GetDescriptor
                0x08007b8c       0x6a ./Middlewares/ST/STM32_USB_Host_Library/Core/Src/usbh_ctlreq.o
                0x08007b8c                USBH_GetDescriptor
 .text.USBH_SetAddress
                0x08007bf6       0x48 ./Middlewares/ST/STM32_USB_Host_Library/Core/Src/usbh_ctlreq.o
                0x08007bf6                USBH_SetAddress
 .text.USBH_SetCfg
                0x08007c3e       0x46 ./Middlewares/ST/STM32_USB_Host_Library/Core/Src/usbh_ctlreq.o
                0x08007c3e                USBH_SetCfg
 .text.USBH_SetFeature
                0x08007c84       0x48 ./Middlewares/ST/STM32_USB_Host_Library/Core/Src/usbh_ctlreq.o
                0x08007c84                USBH_SetFeature
 .text.USBH_ClrFeature
                0x08007ccc       0x48 ./Middlewares/ST/STM32_USB_Host_Library/Core/Src/usbh_ctlreq.o
                0x08007ccc                USBH_ClrFeature
 .text.USBH_ParseDevDesc
                0x08007d14      0x160 ./Middlewares/ST/STM32_USB_Host_Library/Core/Src/usbh_ctlreq.o
 .text.USBH_ParseCfgDesc
                0x08007e74      0x1f0 ./Middlewares/ST/STM32_USB_Host_Library/Core/Src/usbh_ctlreq.o
 .text.USBH_ParseInterfaceDesc
                0x08008064       0x68 ./Middlewares/ST/STM32_USB_Host_Library/Core/Src/usbh_ctlreq.o
 .text.USBH_ParseEPDesc
                0x080080cc      0x1d0 ./Middlewares/ST/STM32_USB_Host_Library/Core/Src/usbh_ctlreq.o
 .text.USBH_ParseStringDesc
                0x0800829c       0x66 ./Middlewares/ST/STM32_USB_Host_Library/Core/Src/usbh_ctlreq.o
 .text.USBH_GetNextDesc
                0x08008302       0x34 ./Middlewares/ST/STM32_USB_Host_Library/Core/Src/usbh_ctlreq.o
                0x08008302                USBH_GetNextDesc
 .text.USBH_CtlReq
                0x08008336       0xb2 ./Middlewares/ST/STM32_USB_Host_Library/Core/Src/usbh_ctlreq.o
                0x08008336                USBH_CtlReq
 .text.USBH_HandleControl
                0x080083e8      0x490 ./Middlewares/ST/STM32_USB_Host_Library/Core/Src/usbh_ctlreq.o
 .text.USBH_CtlSendSetup
                0x08008878       0x34 ./Middlewares/ST/STM32_USB_Host_Library/Core/Src/usbh_ioreq.o
                0x08008878                USBH_CtlSendSetup
 .text.USBH_CtlSendData
                0x080088ac       0x4a ./Middlewares/ST/STM32_USB_Host_Library/Core/Src/usbh_ioreq.o
                0x080088ac                USBH_CtlSendData
 .text.USBH_CtlReceiveData
                0x080088f6       0x3c ./Middlewares/ST/STM32_USB_Host_Library/Core/Src/usbh_ioreq.o
                0x080088f6                USBH_CtlReceiveData
 .text.USBH_BulkSendData
                0x08008932       0x4a ./Middlewares/ST/STM32_USB_Host_Library/Core/Src/usbh_ioreq.o
                0x08008932                USBH_BulkSendData
 .text.USBH_BulkReceiveData
                0x0800897c       0x3c ./Middlewares/ST/STM32_USB_Host_Library/Core/Src/usbh_ioreq.o
                0x0800897c                USBH_BulkReceiveData
 .text.USBH_OpenPipe
                0x080089b8       0x3e ./Middlewares/ST/STM32_USB_Host_Library/Core/Src/usbh_pipes.o
                0x080089b8                USBH_OpenPipe
 .text.USBH_ClosePipe
                0x080089f6       0x20 ./Middlewares/ST/STM32_USB_Host_Library/Core/Src/usbh_pipes.o
                0x080089f6                USBH_ClosePipe
 .text.USBH_AllocPipe
                0x08008a16       0x42 ./Middlewares/ST/STM32_USB_Host_Library/Core/Src/usbh_pipes.o
                0x08008a16                USBH_AllocPipe
 .text.USBH_FreePipe
                0x08008a58       0x3c ./Middlewares/ST/STM32_USB_Host_Library/Core/Src/usbh_pipes.o
                0x08008a58                USBH_FreePipe
 .text.USBH_GetFreePipe
                0x08008a94       0x48 ./Middlewares/ST/STM32_USB_Host_Library/Core/Src/usbh_pipes.o
 .text.__NVIC_SetPriority
                0x08008adc       0x54 ./Middlewares/Third_Party/FreeRTOS/Source/CMSIS_RTOS_V2/cmsis_os2.o
 .text.SVC_Setup
                0x08008b30       0x12 ./Middlewares/Third_Party/FreeRTOS/Source/CMSIS_RTOS_V2/cmsis_os2.o
 *fill*         0x08008b42        0x2 
 .text.osKernelInitialize
                0x08008b44       0x48 ./Middlewares/Third_Party/FreeRTOS/Source/CMSIS_RTOS_V2/cmsis_os2.o
                0x08008b44                osKernelInitialize
 .text.osKernelStart
                0x08008b8c       0x4c ./Middlewares/Third_Party/FreeRTOS/Source/CMSIS_RTOS_V2/cmsis_os2.o
                0x08008b8c                osKernelStart
 .text.osThreadNew
                0x08008bd8      0x124 ./Middlewares/Third_Party/FreeRTOS/Source/CMSIS_RTOS_V2/cmsis_os2.o
                0x08008bd8                osThreadNew
 .text.osDelay  0x08008cfc       0x36 ./Middlewares/Third_Party/FreeRTOS/Source/CMSIS_RTOS_V2/cmsis_os2.o
                0x08008cfc                osDelay
 .text.osMessageQueueNew
                0x08008d32       0xe6 ./Middlewares/Third_Party/FreeRTOS/Source/CMSIS_RTOS_V2/cmsis_os2.o
                0x08008d32                osMessageQueueNew
 .text.osMessageQueuePut
                0x08008e18       0xc0 ./Middlewares/Third_Party/FreeRTOS/Source/CMSIS_RTOS_V2/cmsis_os2.o
                0x08008e18                osMessageQueuePut
 .text.osMessageQueueGet
                0x08008ed8       0xbc ./Middlewares/Third_Party/FreeRTOS/Source/CMSIS_RTOS_V2/cmsis_os2.o
                0x08008ed8                osMessageQueueGet
 .text.vApplicationGetIdleTaskMemory
                0x08008f94       0x34 ./Middlewares/Third_Party/FreeRTOS/Source/CMSIS_RTOS_V2/cmsis_os2.o
                0x08008f94                vApplicationGetIdleTaskMemory
 .text.vApplicationGetTimerTaskMemory
                0x08008fc8       0x34 ./Middlewares/Third_Party/FreeRTOS/Source/CMSIS_RTOS_V2/cmsis_os2.o
                0x08008fc8                vApplicationGetTimerTaskMemory
 .text.vListInitialise
                0x08008ffc       0x40 ./Middlewares/Third_Party/FreeRTOS/Source/list.o
                0x08008ffc                vListInitialise
 .text.vListInitialiseItem
                0x0800903c       0x1a ./Middlewares/Third_Party/FreeRTOS/Source/list.o
                0x0800903c                vListInitialiseItem
 .text.vListInsertEnd
                0x08009056       0x48 ./Middlewares/Third_Party/FreeRTOS/Source/list.o
                0x08009056                vListInsertEnd
 .text.vListInsert
                0x0800909e       0x72 ./Middlewares/Third_Party/FreeRTOS/Source/list.o
                0x0800909e                vListInsert
 .text.uxListRemove
                0x08009110       0x54 ./Middlewares/Third_Party/FreeRTOS/Source/list.o
                0x08009110                uxListRemove
 .text.xQueueGenericReset
                0x08009164       0xd4 ./Middlewares/Third_Party/FreeRTOS/Source/queue.o
                0x08009164                xQueueGenericReset
 .text.xQueueGenericCreateStatic
                0x08009238       0xfa ./Middlewares/Third_Party/FreeRTOS/Source/queue.o
                0x08009238                xQueueGenericCreateStatic
 .text.xQueueGenericCreate
                0x08009332       0x76 ./Middlewares/Third_Party/FreeRTOS/Source/queue.o
                0x08009332                xQueueGenericCreate
 .text.prvInitialiseNewQueue
                0x080093a8       0x46 ./Middlewares/Third_Party/FreeRTOS/Source/queue.o
 *fill*         0x080093ee        0x2 
 .text.xQueueGenericSend
                0x080093f0      0x204 ./Middlewares/Third_Party/FreeRTOS/Source/queue.o
                0x080093f0                xQueueGenericSend
 .text.xQueueGenericSendFromISR
                0x080095f4      0x13c ./Middlewares/Third_Party/FreeRTOS/Source/queue.o
                0x080095f4                xQueueGenericSendFromISR
 .text.xQueueReceive
                0x08009730      0x1c4 ./Middlewares/Third_Party/FreeRTOS/Source/queue.o
                0x08009730                xQueueReceive
 .text.xQueueReceiveFromISR
                0x080098f4      0x104 ./Middlewares/Third_Party/FreeRTOS/Source/queue.o
                0x080098f4                xQueueReceiveFromISR
 .text.prvCopyDataToQueue
                0x080099f8       0xd4 ./Middlewares/Third_Party/FreeRTOS/Source/queue.o
 .text.prvCopyDataFromQueue
                0x08009acc       0x4c ./Middlewares/Third_Party/FreeRTOS/Source/queue.o
 .text.prvUnlockQueue
                0x08009b18       0xa4 ./Middlewares/Third_Party/FreeRTOS/Source/queue.o
 .text.prvIsQueueEmpty
                0x08009bbc       0x2c ./Middlewares/Third_Party/FreeRTOS/Source/queue.o
 .text.prvIsQueueFull
                0x08009be8       0x30 ./Middlewares/Third_Party/FreeRTOS/Source/queue.o
 .text.vQueueAddToRegistry
                0x08009c18       0x54 ./Middlewares/Third_Party/FreeRTOS/Source/queue.o
                0x08009c18                vQueueAddToRegistry
 .text.vQueueWaitForMessageRestricted
                0x08009c6c       0x68 ./Middlewares/Third_Party/FreeRTOS/Source/queue.o
                0x08009c6c                vQueueWaitForMessageRestricted
 .text.xTaskCreateStatic
                0x08009cd4       0xc0 ./Middlewares/Third_Party/FreeRTOS/Source/tasks.o
                0x08009cd4                xTaskCreateStatic
 .text.xTaskCreate
                0x08009d94       0x8a ./Middlewares/Third_Party/FreeRTOS/Source/tasks.o
                0x08009d94                xTaskCreate
 .text.prvInitialiseNewTask
                0x08009e1e      0x120 ./Middlewares/Third_Party/FreeRTOS/Source/tasks.o
 *fill*         0x08009f3e        0x2 
 .text.prvAddNewTaskToReadyList
                0x08009f40       0xe0 ./Middlewares/Third_Party/FreeRTOS/Source/tasks.o
 .text.vTaskDelay
                0x0800a020       0x6c ./Middlewares/Third_Party/FreeRTOS/Source/tasks.o
                0x0800a020                vTaskDelay
 .text.vTaskStartScheduler
                0x0800a08c       0xd0 ./Middlewares/Third_Party/FreeRTOS/Source/tasks.o
                0x0800a08c                vTaskStartScheduler
 .text.vTaskSuspendAll
                0x0800a15c       0x1c ./Middlewares/Third_Party/FreeRTOS/Source/tasks.o
                0x0800a15c                vTaskSuspendAll
 .text.xTaskResumeAll
                0x0800a178      0x13c ./Middlewares/Third_Party/FreeRTOS/Source/tasks.o
                0x0800a178                xTaskResumeAll
 .text.xTaskGetTickCount
                0x0800a2b4       0x20 ./Middlewares/Third_Party/FreeRTOS/Source/tasks.o
                0x0800a2b4                xTaskGetTickCount
 .text.xTaskIncrementTick
                0x0800a2d4      0x174 ./Middlewares/Third_Party/FreeRTOS/Source/tasks.o
                0x0800a2d4                xTaskIncrementTick
 .text.vTaskSwitchContext
                0x0800a448       0xbc ./Middlewares/Third_Party/FreeRTOS/Source/tasks.o
                0x0800a448                vTaskSwitchContext
 .text.vTaskPlaceOnEventList
                0x0800a504       0x4c ./Middlewares/Third_Party/FreeRTOS/Source/tasks.o
                0x0800a504                vTaskPlaceOnEventList
 .text.vTaskPlaceOnEventListRestricted
                0x0800a550       0x58 ./Middlewares/Third_Party/FreeRTOS/Source/tasks.o
                0x0800a550                vTaskPlaceOnEventListRestricted
 .text.xTaskRemoveFromEventList
                0x0800a5a8       0xc8 ./Middlewares/Third_Party/FreeRTOS/Source/tasks.o
                0x0800a5a8                xTaskRemoveFromEventList
 .text.vTaskInternalSetTimeOutState
                0x0800a670       0x2c ./Middlewares/Third_Party/FreeRTOS/Source/tasks.o
                0x0800a670                vTaskInternalSetTimeOutState
 .text.xTaskCheckForTimeOut
                0x0800a69c       0xc8 ./Middlewares/Third_Party/FreeRTOS/Source/tasks.o
                0x0800a69c                xTaskCheckForTimeOut
 .text.vTaskMissedYield
                0x0800a764       0x18 ./Middlewares/Third_Party/FreeRTOS/Source/tasks.o
                0x0800a764                vTaskMissedYield
 .text.prvIdleTask
                0x0800a77c       0x30 ./Middlewares/Third_Party/FreeRTOS/Source/tasks.o
 .text.prvInitialiseTaskLists
                0x0800a7ac       0x80 ./Middlewares/Third_Party/FreeRTOS/Source/tasks.o
 .text.prvCheckTasksWaitingTermination
                0x0800a82c       0x5c ./Middlewares/Third_Party/FreeRTOS/Source/tasks.o
 .text.prvDeleteTCB
                0x0800a888       0x60 ./Middlewares/Third_Party/FreeRTOS/Source/tasks.o
 .text.prvResetNextTaskUnblockTime
                0x0800a8e8       0x40 ./Middlewares/Third_Party/FreeRTOS/Source/tasks.o
 .text.xTaskGetSchedulerState
                0x0800a928       0x3c ./Middlewares/Third_Party/FreeRTOS/Source/tasks.o
                0x0800a928                xTaskGetSchedulerState
 .text.xTaskPriorityDisinherit
                0x0800a964       0xe0 ./Middlewares/Third_Party/FreeRTOS/Source/tasks.o
                0x0800a964                xTaskPriorityDisinherit
 .text.prvAddCurrentTaskToDelayedList
                0x0800aa44       0xa8 ./Middlewares/Third_Party/FreeRTOS/Source/tasks.o
 .text.xTimerCreateTimerTask
                0x0800aaec       0x94 ./Middlewares/Third_Party/FreeRTOS/Source/timers.o
                0x0800aaec                xTimerCreateTimerTask
 .text.xTimerGenericCommand
                0x0800ab80       0x9c ./Middlewares/Third_Party/FreeRTOS/Source/timers.o
                0x0800ab80                xTimerGenericCommand
 .text.prvProcessExpiredTimer
                0x0800ac1c       0x9c ./Middlewares/Third_Party/FreeRTOS/Source/timers.o
 .text.prvTimerTask
                0x0800acb8       0x26 ./Middlewares/Third_Party/FreeRTOS/Source/timers.o
 *fill*         0x0800acde        0x2 
 .text.prvProcessTimerOrBlockTask
                0x0800ace0       0x9c ./Middlewares/Third_Party/FreeRTOS/Source/timers.o
 .text.prvGetNextExpireTime
                0x0800ad7c       0x48 ./Middlewares/Third_Party/FreeRTOS/Source/timers.o
 .text.prvSampleTimeNow
                0x0800adc4       0x40 ./Middlewares/Third_Party/FreeRTOS/Source/timers.o
 .text.prvInsertTimerInActiveList
                0x0800ae04       0x84 ./Middlewares/Third_Party/FreeRTOS/Source/timers.o
 .text.prvProcessReceivedCommands
                0x0800ae88      0x1cc ./Middlewares/Third_Party/FreeRTOS/Source/timers.o
 .text.prvSwitchTimerLists
                0x0800b054       0xcc ./Middlewares/Third_Party/FreeRTOS/Source/timers.o
 .text.prvCheckForValidListAndQueue
                0x0800b120       0x80 ./Middlewares/Third_Party/FreeRTOS/Source/timers.o
 .text.pxPortInitialiseStack
                0x0800b1a0       0x68 ./Middlewares/Third_Party/FreeRTOS/Source/portable/GCC/ARM_CM4F/port.o
                0x0800b1a0                pxPortInitialiseStack
 .text.prvTaskExitError
                0x0800b208       0x5c ./Middlewares/Third_Party/FreeRTOS/Source/portable/GCC/ARM_CM4F/port.o
 *fill*         0x0800b264        0xc 
 .text.SVC_Handler
                0x0800b270       0x28 ./Middlewares/Third_Party/FreeRTOS/Source/portable/GCC/ARM_CM4F/port.o
                0x0800b270                SVC_Handler
 .text.prvPortStartFirstTask
                0x0800b298       0x28 ./Middlewares/Third_Party/FreeRTOS/Source/portable/GCC/ARM_CM4F/port.o
 .text.xPortStartScheduler
                0x0800b2c0      0x148 ./Middlewares/Third_Party/FreeRTOS/Source/portable/GCC/ARM_CM4F/port.o
                0x0800b2c0                xPortStartScheduler
 .text.vPortEnterCritical
                0x0800b408       0x64 ./Middlewares/Third_Party/FreeRTOS/Source/portable/GCC/ARM_CM4F/port.o
                0x0800b408                vPortEnterCritical
 .text.vPortExitCritical
                0x0800b46c       0x54 ./Middlewares/Third_Party/FreeRTOS/Source/portable/GCC/ARM_CM4F/port.o
                0x0800b46c                vPortExitCritical
 .text.PendSV_Handler
                0x0800b4c0       0x68 ./Middlewares/Third_Party/FreeRTOS/Source/portable/GCC/ARM_CM4F/port.o
                0x0800b4c0                PendSV_Handler
 .text.xPortSysTickHandler
                0x0800b528       0x44 ./Middlewares/Third_Party/FreeRTOS/Source/portable/GCC/ARM_CM4F/port.o
                0x0800b528                xPortSysTickHandler
 .text.vPortSetupTimerInterrupt
                0x0800b56c       0x48 ./Middlewares/Third_Party/FreeRTOS/Source/portable/GCC/ARM_CM4F/port.o
                0x0800b56c                vPortSetupTimerInterrupt
 .text.vPortEnableVFP
                0x0800b5b4       0x14 ./Middlewares/Third_Party/FreeRTOS/Source/portable/GCC/ARM_CM4F/port.o
 .text.vPortValidateInterruptPriority
                0x0800b5c8       0x84 ./Middlewares/Third_Party/FreeRTOS/Source/portable/GCC/ARM_CM4F/port.o
                0x0800b5c8                vPortValidateInterruptPriority
 .text.pvPortMalloc
                0x0800b64c      0x19c ./Middlewares/Third_Party/FreeRTOS/Source/portable/MemMang/heap_4.o
                0x0800b64c                pvPortMalloc
 .text.vPortFree
                0x0800b7e8       0xc8 ./Middlewares/Third_Party/FreeRTOS/Source/portable/MemMang/heap_4.o
                0x0800b7e8                vPortFree
 .text.prvHeapInit
                0x0800b8b0       0xc4 ./Middlewares/Third_Party/FreeRTOS/Source/portable/MemMang/heap_4.o
 .text.prvInsertBlockIntoFreeList
                0x0800b974       0xb4 ./Middlewares/Third_Party/FreeRTOS/Source/portable/MemMang/heap_4.o
 .text.MX_USB_HOST_Init
                0x0800ba28       0x4c ./USB_HOST/App/usb_host.o
                0x0800ba28                MX_USB_HOST_Init
 .text.USBH_UserProcess
                0x0800ba74       0x5c ./USB_HOST/App/usb_host.o
 .text.HAL_HCD_MspInit
                0x0800bad0       0xc4 ./USB_HOST/Target/usbh_conf.o
                0x0800bad0                HAL_HCD_MspInit
 .text.HAL_HCD_SOF_Callback
                0x0800bb94       0x1c ./USB_HOST/Target/usbh_conf.o
                0x0800bb94                HAL_HCD_SOF_Callback
 .text.HAL_HCD_Connect_Callback
                0x0800bbb0       0x1c ./USB_HOST/Target/usbh_conf.o
                0x0800bbb0                HAL_HCD_Connect_Callback
 .text.HAL_HCD_Disconnect_Callback
                0x0800bbcc       0x1c ./USB_HOST/Target/usbh_conf.o
                0x0800bbcc                HAL_HCD_Disconnect_Callback
 .text.HAL_HCD_HC_NotifyURBChange_Callback
                0x0800bbe8       0x24 ./USB_HOST/Target/usbh_conf.o
                0x0800bbe8                HAL_HCD_HC_NotifyURBChange_Callback
 .text.HAL_HCD_PortEnabled_Callback
                0x0800bc0c       0x1c ./USB_HOST/Target/usbh_conf.o
                0x0800bc0c                HAL_HCD_PortEnabled_Callback
 .text.HAL_HCD_PortDisabled_Callback
                0x0800bc28       0x1c ./USB_HOST/Target/usbh_conf.o
                0x0800bc28                HAL_HCD_PortDisabled_Callback
 .text.USBH_LL_Init
                0x0800bc44       0x78 ./USB_HOST/Target/usbh_conf.o
                0x0800bc44                USBH_LL_Init
 .text.USBH_LL_Start
                0x0800bcbc       0x36 ./USB_HOST/Target/usbh_conf.o
                0x0800bcbc                USBH_LL_Start
 .text.USBH_LL_Stop
                0x0800bcf2       0x36 ./USB_HOST/Target/usbh_conf.o
                0x0800bcf2                USBH_LL_Stop
 .text.USBH_LL_GetSpeed
                0x0800bd28       0x4e ./USB_HOST/Target/usbh_conf.o
                0x0800bd28                USBH_LL_GetSpeed
 .text.USBH_LL_ResetPort
                0x0800bd76       0x36 ./USB_HOST/Target/usbh_conf.o
                0x0800bd76                USBH_LL_ResetPort
 .text.USBH_LL_GetLastXferSize
                0x0800bdac       0x26 ./USB_HOST/Target/usbh_conf.o
                0x0800bdac                USBH_LL_GetLastXferSize
 .text.USBH_LL_OpenPipe
                0x0800bdd2       0x5e ./USB_HOST/Target/usbh_conf.o
                0x0800bdd2                USBH_LL_OpenPipe
 .text.USBH_LL_ClosePipe
                0x0800be30       0x3e ./USB_HOST/Target/usbh_conf.o
                0x0800be30                USBH_LL_ClosePipe
 .text.USBH_LL_SubmitURB
                0x0800be6e       0x62 ./USB_HOST/Target/usbh_conf.o
                0x0800be6e                USBH_LL_SubmitURB
 .text.USBH_LL_GetURBState
                0x0800bed0       0x26 ./USB_HOST/Target/usbh_conf.o
                0x0800bed0                USBH_LL_GetURBState
 .text.USBH_LL_DriverVBUS
                0x0800bef6       0x2e ./USB_HOST/Target/usbh_conf.o
                0x0800bef6                USBH_LL_DriverVBUS
 .text.USBH_LL_SetToggle
                0x0800bf24       0x66 ./USB_HOST/Target/usbh_conf.o
                0x0800bf24                USBH_LL_SetToggle
 .text.USBH_Delay
                0x0800bf8a       0x16 ./USB_HOST/Target/usbh_conf.o
                0x0800bf8a                USBH_Delay
 .text.USBH_Get_USB_Status
                0x0800bfa0       0x58 ./USB_HOST/Target/usbh_conf.o
                0x0800bfa0                USBH_Get_USB_Status
 .text.MX_DriverVbusFS
                0x0800bff8       0x38 ./USB_HOST/Target/usbh_platform.o
                0x0800bff8                MX_DriverVbusFS
 .text.malloc   0x0800c030       0x10 C:/Program Files/STM32CubeIDE_1.16.0/STM32CubeIDE/plugins/com.st.stm32cube.ide.mcu.externaltools.gnu-tools-for-stm32.12.3.rel1.win32_1.0.200.202406191623/tools/bin/../lib/gcc/arm-none-eabi/12.3.1/../../../../arm-none-eabi/lib/thumb/v7e-m+fp/hard\libc_nano.a(libc_a-malloc.o)
                0x0800c030                malloc
 .text.free     0x0800c040       0x10 C:/Program Files/STM32CubeIDE_1.16.0/STM32CubeIDE/plugins/com.st.stm32cube.ide.mcu.externaltools.gnu-tools-for-stm32.12.3.rel1.win32_1.0.200.202406191623/tools/bin/../lib/gcc/arm-none-eabi/12.3.1/../../../../arm-none-eabi/lib/thumb/v7e-m+fp/hard\libc_nano.a(libc_a-malloc.o)
                0x0800c040                free
 .text.sbrk_aligned
                0x0800c050       0x44 C:/Program Files/STM32CubeIDE_1.16.0/STM32CubeIDE/plugins/com.st.stm32cube.ide.mcu.externaltools.gnu-tools-for-stm32.12.3.rel1.win32_1.0.200.202406191623/tools/bin/../lib/gcc/arm-none-eabi/12.3.1/../../../../arm-none-eabi/lib/thumb/v7e-m+fp/hard\libc_nano.a(libc_a-mallocr.o)
 .text._malloc_r
                0x0800c094      0x100 C:/Program Files/STM32CubeIDE_1.16.0/STM32CubeIDE/plugins/com.st.stm32cube.ide.mcu.externaltools.gnu-tools-for-stm32.12.3.rel1.win32_1.0.200.202406191623/tools/bin/../lib/gcc/arm-none-eabi/12.3.1/../../../../arm-none-eabi/lib/thumb/v7e-m+fp/hard\libc_nano.a(libc_a-mallocr.o)
                0x0800c094                _malloc_r
 .text.__malloc_lock
                0x0800c194        0xc C:/Program Files/STM32CubeIDE_1.16.0/STM32CubeIDE/plugins/com.st.stm32cube.ide.mcu.externaltools.gnu-tools-for-stm32.12.3.rel1.win32_1.0.200.202406191623/tools/bin/../lib/gcc/arm-none-eabi/12.3.1/../../../../arm-none-eabi/lib/thumb/v7e-m+fp/hard\libc_nano.a(libc_a-mlock.o)
                0x0800c194                __malloc_lock
 .text.__malloc_unlock
                0x0800c1a0        0xc C:/Program Files/STM32CubeIDE_1.16.0/STM32CubeIDE/plugins/com.st.stm32cube.ide.mcu.externaltools.gnu-tools-for-stm32.12.3.rel1.win32_1.0.200.202406191623/tools/bin/../lib/gcc/arm-none-eabi/12.3.1/../../../../arm-none-eabi/lib/thumb/v7e-m+fp/hard\libc_nano.a(libc_a-mlock.o)
                0x0800c1a0                __malloc_unlock
 .text.memset   0x0800c1ac       0x10 C:/Program Files/STM32CubeIDE_1.16.0/STM32CubeIDE/plugins/com.st.stm32cube.ide.mcu.externaltools.gnu-tools-for-stm32.12.3.rel1.win32_1.0.200.202406191623/tools/bin/../lib/gcc/arm-none-eabi/12.3.1/../../../../arm-none-eabi/lib/thumb/v7e-m+fp/hard\libc_nano.a(libc_a-memset.o)
                0x0800c1ac                memset
 .text._sbrk_r  0x0800c1bc       0x20 C:/Program Files/STM32CubeIDE_1.16.0/STM32CubeIDE/plugins/com.st.stm32cube.ide.mcu.externaltools.gnu-tools-for-stm32.12.3.rel1.win32_1.0.200.202406191623/tools/bin/../lib/gcc/arm-none-eabi/12.3.1/../../../../arm-none-eabi/lib/thumb/v7e-m+fp/hard\libc_nano.a(libc_a-sbrkr.o)
                0x0800c1bc                _sbrk_r
 .text.__errno  0x0800c1dc        0xc C:/Program Files/STM32CubeIDE_1.16.0/STM32CubeIDE/plugins/com.st.stm32cube.ide.mcu.externaltools.gnu-tools-for-stm32.12.3.rel1.win32_1.0.200.202406191623/tools/bin/../lib/gcc/arm-none-eabi/12.3.1/../../../../arm-none-eabi/lib/thumb/v7e-m+fp/hard\libc_nano.a(libc_a-errno.o)
                0x0800c1dc                __errno
 .text.__libc_init_array
                0x0800c1e8       0x48 C:/Program Files/STM32CubeIDE_1.16.0/STM32CubeIDE/plugins/com.st.stm32cube.ide.mcu.externaltools.gnu-tools-for-stm32.12.3.rel1.win32_1.0.200.202406191623/tools/bin/../lib/gcc/arm-none-eabi/12.3.1/../../../../arm-none-eabi/lib/thumb/v7e-m+fp/hard\libc_nano.a(libc_a-init.o)
                0x0800c1e8                __libc_init_array
 .text.__retarget_lock_acquire_recursive
                0x0800c230        0x2 C:/Program Files/STM32CubeIDE_1.16.0/STM32CubeIDE/plugins/com.st.stm32cube.ide.mcu.externaltools.gnu-tools-for-stm32.12.3.rel1.win32_1.0.200.202406191623/tools/bin/../lib/gcc/arm-none-eabi/12.3.1/../../../../arm-none-eabi/lib/thumb/v7e-m+fp/hard\libc_nano.a(libc_a-lock.o)
                0x0800c230                __retarget_lock_acquire_recursive
 .text.__retarget_lock_release_recursive
                0x0800c232        0x2 C:/Program Files/STM32CubeIDE_1.16.0/STM32CubeIDE/plugins/com.st.stm32cube.ide.mcu.externaltools.gnu-tools-for-stm32.12.3.rel1.win32_1.0.200.202406191623/tools/bin/../lib/gcc/arm-none-eabi/12.3.1/../../../../arm-none-eabi/lib/thumb/v7e-m+fp/hard\libc_nano.a(libc_a-lock.o)
                0x0800c232                __retarget_lock_release_recursive
 .text.memcpy   0x0800c234       0x1c C:/Program Files/STM32CubeIDE_1.16.0/STM32CubeIDE/plugins/com.st.stm32cube.ide.mcu.externaltools.gnu-tools-for-stm32.12.3.rel1.win32_1.0.200.202406191623/tools/bin/../lib/gcc/arm-none-eabi/12.3.1/../../../../arm-none-eabi/lib/thumb/v7e-m+fp/hard\libc_nano.a(libc_a-memcpy-stub.o)
                0x0800c234                memcpy
 .text._free_r  0x0800c250       0x94 C:/Program Files/STM32CubeIDE_1.16.0/STM32CubeIDE/plugins/com.st.stm32cube.ide.mcu.externaltools.gnu-tools-for-stm32.12.3.rel1.win32_1.0.200.202406191623/tools/bin/../lib/gcc/arm-none-eabi/12.3.1/../../../../arm-none-eabi/lib/thumb/v7e-m+fp/hard\libc_nano.a(libc_a-freer.o)
                0x0800c250                _free_r
 *(.glue_7)
 .glue_7        0x0800c2e4        0x0 linker stubs
 *(.glue_7t)
 .glue_7t       0x0800c2e4        0x0 linker stubs
 *(.eh_frame)
 .eh_frame      0x0800c2e4        0x0 C:/Program Files/STM32CubeIDE_1.16.0/STM32CubeIDE/plugins/com.st.stm32cube.ide.mcu.externaltools.gnu-tools-for-stm32.12.3.rel1.win32_1.0.200.202406191623/tools/bin/../lib/gcc/arm-none-eabi/12.3.1/thumb/v7e-m+fp/hard/crtbegin.o
 *(.init)
 .init          0x0800c2e4        0x4 C:/Program Files/STM32CubeIDE_1.16.0/STM32CubeIDE/plugins/com.st.stm32cube.ide.mcu.externaltools.gnu-tools-for-stm32.12.3.rel1.win32_1.0.200.202406191623/tools/bin/../lib/gcc/arm-none-eabi/12.3.1/thumb/v7e-m+fp/hard/crti.o
                0x0800c2e4                _init
 .init          0x0800c2e8        0x8 C:/Program Files/STM32CubeIDE_1.16.0/STM32CubeIDE/plugins/com.st.stm32cube.ide.mcu.externaltools.gnu-tools-for-stm32.12.3.rel1.win32_1.0.200.202406191623/tools/bin/../lib/gcc/arm-none-eabi/12.3.1/thumb/v7e-m+fp/hard/crtn.o
 *(.fini)
 .fini          0x0800c2f0        0x4 C:/Program Files/STM32CubeIDE_1.16.0/STM32CubeIDE/plugins/com.st.stm32cube.ide.mcu.externaltools.gnu-tools-for-stm32.12.3.rel1.win32_1.0.200.202406191623/tools/bin/../lib/gcc/arm-none-eabi/12.3.1/thumb/v7e-m+fp/hard/crti.o
                0x0800c2f0                _fini
 .fini          0x0800c2f4        0x8 C:/Program Files/STM32CubeIDE_1.16.0/STM32CubeIDE/plugins/com.st.stm32cube.ide.mcu.externaltools.gnu-tools-for-stm32.12.3.rel1.win32_1.0.200.202406191623/tools/bin/../lib/gcc/arm-none-eabi/12.3.1/thumb/v7e-m+fp/hard/crtn.o
                0x0800c2fc                        . = ALIGN (0x4)
                0x0800c2fc                        _etext = .

.vfp11_veneer   0x0800c2fc        0x0
 .vfp11_veneer  0x0800c2fc        0x0 linker stubs

.v4_bx          0x0800c2fc        0x0
 .v4_bx         0x0800c2fc        0x0 linker stubs

.iplt           0x0800c2fc        0x0
 .iplt          0x0800c2fc        0x0 C:/Program Files/STM32CubeIDE_1.16.0/STM32CubeIDE/plugins/com.st.stm32cube.ide.mcu.externaltools.gnu-tools-for-stm32.12.3.rel1.win32_1.0.200.202406191623/tools/bin/../lib/gcc/arm-none-eabi/12.3.1/thumb/v7e-m+fp/hard/crtbegin.o

.rodata         0x0800c2fc       0x70
                0x0800c2fc                        . = ALIGN (0x4)
 *(.rodata)
 .rodata        0x0800c2fc        0xc ./Core/Src/main.o
 .rodata        0x0800c308        0x4 ./Middlewares/ST/STM32_USB_Host_Library/Class/CDC/Src/usbh_cdc.o
 .rodata        0x0800c30c        0xb ./Middlewares/ST/STM32_USB_Host_Library/Core/Src/usbh_core.o
 *fill*         0x0800c317        0x1 
 .rodata        0x0800c318        0x5 ./Middlewares/Third_Party/FreeRTOS/Source/tasks.o
 *fill*         0x0800c31d        0x3 
 .rodata        0x0800c320        0xd ./Middlewares/Third_Party/FreeRTOS/Source/timers.o
 *(.rodata*)
 *fill*         0x0800c32d        0x3 
 .rodata.defaultTask_attributes
                0x0800c330       0x24 ./Core/Src/main.o
                0x0800c330                defaultTask_attributes
 .rodata.AHBPrescTable
                0x0800c354       0x10 ./Core/Src/system_stm32f4xx.o
                0x0800c354                AHBPrescTable
 .rodata.APBPrescTable
                0x0800c364        0x8 ./Core/Src/system_stm32f4xx.o
                0x0800c364                APBPrescTable
                0x0800c36c                        . = ALIGN (0x4)

.ARM.extab      0x0800c36c        0x0
                0x0800c36c                        . = ALIGN (0x4)
 *(.ARM.extab* .gnu.linkonce.armextab.*)
                0x0800c36c                        . = ALIGN (0x4)

.ARM            0x0800c36c        0x8
                0x0800c36c                        . = ALIGN (0x4)
                0x0800c36c                        __exidx_start = .
 *(.ARM.exidx*)
 .ARM.exidx     0x0800c36c        0x8 C:/Program Files/STM32CubeIDE_1.16.0/STM32CubeIDE/plugins/com.st.stm32cube.ide.mcu.externaltools.gnu-tools-for-stm32.12.3.rel1.win32_1.0.200.202406191623/tools/bin/../lib/gcc/arm-none-eabi/12.3.1/thumb/v7e-m+fp/hard\libgcc.a(_udivmoddi4.o)
                0x0800c374                        __exidx_end = .
                0x0800c374                        . = ALIGN (0x4)

.preinit_array  0x0800c374        0x0
                0x0800c374                        . = ALIGN (0x4)
                0x0800c374                        PROVIDE (__preinit_array_start = .)
 *(.preinit_array*)
                0x0800c374                        PROVIDE (__preinit_array_end = .)
                0x0800c374                        . = ALIGN (0x4)

.init_array     0x0800c374        0x4
                0x0800c374                        . = ALIGN (0x4)
                0x0800c374                        PROVIDE (__init_array_start = .)
 *(SORT_BY_NAME(.init_array.*))
 *(.init_array*)
 .init_array    0x0800c374        0x4 C:/Program Files/STM32CubeIDE_1.16.0/STM32CubeIDE/plugins/com.st.stm32cube.ide.mcu.externaltools.gnu-tools-for-stm32.12.3.rel1.win32_1.0.200.202406191623/tools/bin/../lib/gcc/arm-none-eabi/12.3.1/thumb/v7e-m+fp/hard/crtbegin.o
                0x0800c378                        PROVIDE (__init_array_end = .)
                0x0800c378                        . = ALIGN (0x4)

.fini_array     0x0800c378        0x4
                0x0800c378                        . = ALIGN (0x4)
                [!provide]                        PROVIDE (__fini_array_start = .)
 *(SORT_BY_NAME(.fini_array.*))
 *(.fini_array*)
 .fini_array    0x0800c378        0x4 C:/Program Files/STM32CubeIDE_1.16.0/STM32CubeIDE/plugins/com.st.stm32cube.ide.mcu.externaltools.gnu-tools-for-stm32.12.3.rel1.win32_1.0.200.202406191623/tools/bin/../lib/gcc/arm-none-eabi/12.3.1/thumb/v7e-m+fp/hard/crtbegin.o
                [!provide]                        PROVIDE (__fini_array_end = .)
                0x0800c37c                        . = ALIGN (0x4)
                0x0800c37c                        _sidata = LOADADDR (.data)

.rel.dyn        0x0800c37c        0x0
 .rel.iplt      0x0800c37c        0x0 C:/Program Files/STM32CubeIDE_1.16.0/STM32CubeIDE/plugins/com.st.stm32cube.ide.mcu.externaltools.gnu-tools-for-stm32.12.3.rel1.win32_1.0.200.202406191623/tools/bin/../lib/gcc/arm-none-eabi/12.3.1/thumb/v7e-m+fp/hard/crtbegin.o

.data           0x20000000       0x80 load address 0x0800c37c
                0x20000000                        . = ALIGN (0x4)
                0x20000000                        _sdata = .
 *(.data)
 *(.data*)
 .data.SystemCoreClock
                0x20000000        0x4 ./Core/Src/system_stm32f4xx.o
                0x20000000                SystemCoreClock
 .data.uwTickPrio
                0x20000004        0x4 ./Drivers/STM32F4xx_HAL_Driver/Src/stm32f4xx_hal.o
                0x20000004                uwTickPrio
 .data.uwTickFreq
                0x20000008        0x1 ./Drivers/STM32F4xx_HAL_Driver/Src/stm32f4xx_hal.o
                0x20000008                uwTickFreq
 *fill*         0x20000009        0x3 
 .data.CDC_Class
                0x2000000c       0x20 ./Middlewares/ST/STM32_USB_Host_Library/Class/CDC/Src/usbh_cdc.o
                0x2000000c                CDC_Class
 .data.uxCriticalNesting
                0x2000002c        0x4 ./Middlewares/Third_Party/FreeRTOS/Source/portable/GCC/ARM_CM4F/port.o
 .data._impure_ptr
                0x20000030        0x4 C:/Program Files/STM32CubeIDE_1.16.0/STM32CubeIDE/plugins/com.st.stm32cube.ide.mcu.externaltools.gnu-tools-for-stm32.12.3.rel1.win32_1.0.200.202406191623/tools/bin/../lib/gcc/arm-none-eabi/12.3.1/../../../../arm-none-eabi/lib/thumb/v7e-m+fp/hard\libc_nano.a(libc_a-impure.o)
                0x20000030                _impure_ptr
 .data._impure_data
                0x20000034       0x4c C:/Program Files/STM32CubeIDE_1.16.0/STM32CubeIDE/plugins/com.st.stm32cube.ide.mcu.externaltools.gnu-tools-for-stm32.12.3.rel1.win32_1.0.200.202406191623/tools/bin/../lib/gcc/arm-none-eabi/12.3.1/../../../../arm-none-eabi/lib/thumb/v7e-m+fp/hard\libc_nano.a(libc_a-impure.o)
                0x20000034                _impure_data
 *(.RamFunc)
 *(.RamFunc*)
                0x20000080                        . = ALIGN (0x4)
                0x20000080                        _edata = .
                0x0800c3fc                        _siccmram = LOADADDR (.ccmram)

.igot.plt       0x20000080        0x0 load address 0x0800c3fc
 .igot.plt      0x20000080        0x0 C:/Program Files/STM32CubeIDE_1.16.0/STM32CubeIDE/plugins/com.st.stm32cube.ide.mcu.externaltools.gnu-tools-for-stm32.12.3.rel1.win32_1.0.200.202406191623/tools/bin/../lib/gcc/arm-none-eabi/12.3.1/thumb/v7e-m+fp/hard/crtbegin.o

.ccmram         0x10000000        0x0 load address 0x0800c3fc
                0x10000000                        . = ALIGN (0x4)
                0x10000000                        _sccmram = .
 *(.ccmram)
 *(.ccmram*)
                0x10000000                        . = ALIGN (0x4)
                0x10000000                        _eccmram = .
                0x10000000                        . = ALIGN (0x4)

.bss            0x20000080     0x53e8
                0x20000080                        _sbss = .
                0x20000080                        __bss_start__ = _sbss
 *(.bss)
 .bss           0x20000080       0x1c C:/Program Files/STM32CubeIDE_1.16.0/STM32CubeIDE/plugins/com.st.stm32cube.ide.mcu.externaltools.gnu-tools-for-stm32.12.3.rel1.win32_1.0.200.202406191623/tools/bin/../lib/gcc/arm-none-eabi/12.3.1/thumb/v7e-m+fp/hard/crtbegin.o
 *(.bss*)
 .bss.hi2c1     0x2000009c       0x54 ./Core/Src/main.o
                0x2000009c                hi2c1
 .bss.hi2s3     0x200000f0       0x48 ./Core/Src/main.o
                0x200000f0                hi2s3
 .bss.hspi1     0x20000138       0x58 ./Core/Src/main.o
                0x20000138                hspi1
 .bss.htim7     0x20000190       0x48 ./Core/Src/main.o
                0x20000190                htim7
 .bss.defaultTaskHandle
                0x200001d8        0x4 ./Core/Src/main.o
                0x200001d8                defaultTaskHandle
 .bss.__sbrk_heap_end
                0x200001dc        0x4 ./Core/Src/sysmem.o
 .bss.uwTick    0x200001e0        0x4 ./Drivers/STM32F4xx_HAL_Driver/Src/stm32f4xx_hal.o
                0x200001e0                uwTick
 .bss.USBH_Thread_Atrr
                0x200001e4       0x24 ./Middlewares/ST/STM32_USB_Host_Library/Core/Src/usbh_core.o
                0x200001e4                USBH_Thread_Atrr
 .bss.KernelState
                0x20000208        0x4 ./Middlewares/Third_Party/FreeRTOS/Source/CMSIS_RTOS_V2/cmsis_os2.o
 .bss.Idle_TCB.3
                0x2000020c       0x5c ./Middlewares/Third_Party/FreeRTOS/Source/CMSIS_RTOS_V2/cmsis_os2.o
 .bss.Idle_Stack.2
                0x20000268      0x200 ./Middlewares/Third_Party/FreeRTOS/Source/CMSIS_RTOS_V2/cmsis_os2.o
 .bss.Timer_TCB.1
                0x20000468       0x5c ./Middlewares/Third_Party/FreeRTOS/Source/CMSIS_RTOS_V2/cmsis_os2.o
 .bss.Timer_Stack.0
                0x200004c4      0x400 ./Middlewares/Third_Party/FreeRTOS/Source/CMSIS_RTOS_V2/cmsis_os2.o
 .bss.xQueueRegistry
                0x200008c4       0x40 ./Middlewares/Third_Party/FreeRTOS/Source/queue.o
                0x200008c4                xQueueRegistry
 .bss.pxCurrentTCB
                0x20000904        0x4 ./Middlewares/Third_Party/FreeRTOS/Source/tasks.o
                0x20000904                pxCurrentTCB
 .bss.pxReadyTasksLists
                0x20000908      0x460 ./Middlewares/Third_Party/FreeRTOS/Source/tasks.o
 .bss.xDelayedTaskList1
                0x20000d68       0x14 ./Middlewares/Third_Party/FreeRTOS/Source/tasks.o
 .bss.xDelayedTaskList2
                0x20000d7c       0x14 ./Middlewares/Third_Party/FreeRTOS/Source/tasks.o
 .bss.pxDelayedTaskList
                0x20000d90        0x4 ./Middlewares/Third_Party/FreeRTOS/Source/tasks.o
 .bss.pxOverflowDelayedTaskList
                0x20000d94        0x4 ./Middlewares/Third_Party/FreeRTOS/Source/tasks.o
 .bss.xPendingReadyList
                0x20000d98       0x14 ./Middlewares/Third_Party/FreeRTOS/Source/tasks.o
 .bss.xTasksWaitingTermination
                0x20000dac       0x14 ./Middlewares/Third_Party/FreeRTOS/Source/tasks.o
 .bss.uxDeletedTasksWaitingCleanUp
                0x20000dc0        0x4 ./Middlewares/Third_Party/FreeRTOS/Source/tasks.o
 .bss.xSuspendedTaskList
                0x20000dc4       0x14 ./Middlewares/Third_Party/FreeRTOS/Source/tasks.o
 .bss.uxCurrentNumberOfTasks
                0x20000dd8        0x4 ./Middlewares/Third_Party/FreeRTOS/Source/tasks.o
 .bss.xTickCount
                0x20000ddc        0x4 ./Middlewares/Third_Party/FreeRTOS/Source/tasks.o
 .bss.uxTopReadyPriority
                0x20000de0        0x4 ./Middlewares/Third_Party/FreeRTOS/Source/tasks.o
 .bss.xSchedulerRunning
                0x20000de4        0x4 ./Middlewares/Third_Party/FreeRTOS/Source/tasks.o
 .bss.xPendedTicks
                0x20000de8        0x4 ./Middlewares/Third_Party/FreeRTOS/Source/tasks.o
 .bss.xYieldPending
                0x20000dec        0x4 ./Middlewares/Third_Party/FreeRTOS/Source/tasks.o
 .bss.xNumOfOverflows
                0x20000df0        0x4 ./Middlewares/Third_Party/FreeRTOS/Source/tasks.o
 .bss.uxTaskNumber
                0x20000df4        0x4 ./Middlewares/Third_Party/FreeRTOS/Source/tasks.o
 .bss.xNextTaskUnblockTime
                0x20000df8        0x4 ./Middlewares/Third_Party/FreeRTOS/Source/tasks.o
 .bss.xIdleTaskHandle
                0x20000dfc        0x4 ./Middlewares/Third_Party/FreeRTOS/Source/tasks.o
 .bss.uxSchedulerSuspended
                0x20000e00        0x4 ./Middlewares/Third_Party/FreeRTOS/Source/tasks.o
 .bss.xActiveTimerList1
                0x20000e04       0x14 ./Middlewares/Third_Party/FreeRTOS/Source/timers.o
 .bss.xActiveTimerList2
                0x20000e18       0x14 ./Middlewares/Third_Party/FreeRTOS/Source/timers.o
 .bss.pxCurrentTimerList
                0x20000e2c        0x4 ./Middlewares/Third_Party/FreeRTOS/Source/timers.o
 .bss.pxOverflowTimerList
                0x20000e30        0x4 ./Middlewares/Third_Party/FreeRTOS/Source/timers.o
 .bss.xTimerQueue
                0x20000e34        0x4 ./Middlewares/Third_Party/FreeRTOS/Source/timers.o
 .bss.xTimerTaskHandle
                0x20000e38        0x4 ./Middlewares/Third_Party/FreeRTOS/Source/timers.o
 .bss.xLastTime.2
                0x20000e3c        0x4 ./Middlewares/Third_Party/FreeRTOS/Source/timers.o
 .bss.ucStaticTimerQueueStorage.1
                0x20000e40       0xa0 ./Middlewares/Third_Party/FreeRTOS/Source/timers.o
 .bss.xStaticTimerQueue.0
                0x20000ee0       0x50 ./Middlewares/Third_Party/FreeRTOS/Source/timers.o
 .bss.ucMaxSysCallPriority
                0x20000f30        0x1 ./Middlewares/Third_Party/FreeRTOS/Source/portable/GCC/ARM_CM4F/port.o
 *fill*         0x20000f31        0x3 
 .bss.ulMaxPRIGROUPValue
                0x20000f34        0x4 ./Middlewares/Third_Party/FreeRTOS/Source/portable/GCC/ARM_CM4F/port.o
 .bss.ucHeap    0x20000f38     0x3c00 ./Middlewares/Third_Party/FreeRTOS/Source/portable/MemMang/heap_4.o
 .bss.xStart    0x20004b38        0x8 ./Middlewares/Third_Party/FreeRTOS/Source/portable/MemMang/heap_4.o
 .bss.pxEnd     0x20004b40        0x4 ./Middlewares/Third_Party/FreeRTOS/Source/portable/MemMang/heap_4.o
 .bss.xFreeBytesRemaining
                0x20004b44        0x4 ./Middlewares/Third_Party/FreeRTOS/Source/portable/MemMang/heap_4.o
 .bss.xMinimumEverFreeBytesRemaining
                0x20004b48        0x4 ./Middlewares/Third_Party/FreeRTOS/Source/portable/MemMang/heap_4.o
 .bss.xNumberOfSuccessfulAllocations
                0x20004b4c        0x4 ./Middlewares/Third_Party/FreeRTOS/Source/portable/MemMang/heap_4.o
 .bss.xNumberOfSuccessfulFrees
                0x20004b50        0x4 ./Middlewares/Third_Party/FreeRTOS/Source/portable/MemMang/heap_4.o
 .bss.xBlockAllocatedBit
                0x20004b54        0x4 ./Middlewares/Third_Party/FreeRTOS/Source/portable/MemMang/heap_4.o
 .bss.hUsbHostFS
                0x20004b58      0x3e4 ./USB_HOST/App/usb_host.o
                0x20004b58                hUsbHostFS
 .bss.Appli_state
                0x20004f3c        0x1 ./USB_HOST/App/usb_host.o
                0x20004f3c                Appli_state
 *fill*         0x20004f3d        0x3 
 .bss.hhcd_USB_OTG_FS
                0x20004f40      0x3e0 ./USB_HOST/Target/usbh_conf.o
                0x20004f40                hhcd_USB_OTG_FS
 .bss.__malloc_sbrk_start
                0x20005320        0x4 C:/Program Files/STM32CubeIDE_1.16.0/STM32CubeIDE/plugins/com.st.stm32cube.ide.mcu.externaltools.gnu-tools-for-stm32.12.3.rel1.win32_1.0.200.202406191623/tools/bin/../lib/gcc/arm-none-eabi/12.3.1/../../../../arm-none-eabi/lib/thumb/v7e-m+fp/hard\libc_nano.a(libc_a-mallocr.o)
                0x20005320                __malloc_sbrk_start
 .bss.__malloc_free_list
                0x20005324        0x4 C:/Program Files/STM32CubeIDE_1.16.0/STM32CubeIDE/plugins/com.st.stm32cube.ide.mcu.externaltools.gnu-tools-for-stm32.12.3.rel1.win32_1.0.200.202406191623/tools/bin/../lib/gcc/arm-none-eabi/12.3.1/../../../../arm-none-eabi/lib/thumb/v7e-m+fp/hard\libc_nano.a(libc_a-mallocr.o)
                0x20005324                __malloc_free_list
 .bss.__sf      0x20005328      0x138 C:/Program Files/STM32CubeIDE_1.16.0/STM32CubeIDE/plugins/com.st.stm32cube.ide.mcu.externaltools.gnu-tools-for-stm32.12.3.rel1.win32_1.0.200.202406191623/tools/bin/../lib/gcc/arm-none-eabi/12.3.1/../../../../arm-none-eabi/lib/thumb/v7e-m+fp/hard\libc_nano.a(libc_a-findfp.o)
                0x20005328                __sf
 .bss.errno     0x20005460        0x4 C:/Program Files/STM32CubeIDE_1.16.0/STM32CubeIDE/plugins/com.st.stm32cube.ide.mcu.externaltools.gnu-tools-for-stm32.12.3.rel1.win32_1.0.200.202406191623/tools/bin/../lib/gcc/arm-none-eabi/12.3.1/../../../../arm-none-eabi/lib/thumb/v7e-m+fp/hard\libc_nano.a(libc_a-reent.o)
                0x20005460                errno
 .bss.__lock___malloc_recursive_mutex
                0x20005464        0x1 C:/Program Files/STM32CubeIDE_1.16.0/STM32CubeIDE/plugins/com.st.stm32cube.ide.mcu.externaltools.gnu-tools-for-stm32.12.3.rel1.win32_1.0.200.202406191623/tools/bin/../lib/gcc/arm-none-eabi/12.3.1/../../../../arm-none-eabi/lib/thumb/v7e-m+fp/hard\libc_nano.a(libc_a-lock.o)
                0x20005464                __lock___malloc_recursive_mutex
 *(COMMON)
                0x20005468                        . = ALIGN (0x4)
 *fill*         0x20005465        0x3 
                0x20005468                        _ebss = .
                0x20005468                        __bss_end__ = _ebss

._user_heap_stack
                0x20005468      0x600
                0x20005468                        . = ALIGN (0x8)
                [!provide]                        PROVIDE (end = .)
                0x20005468                        PROVIDE (_end = .)
                0x20005668                        . = (. + _Min_Heap_Size)
 *fill*         0x20005468      0x200 
                0x20005a68                        . = (. + _Min_Stack_Size)
 *fill*         0x20005668      0x400 
                0x20005a68                        . = ALIGN (0x8)

/DISCARD/
 libc.a(*)
 libm.a(*)
 libgcc.a(*)

.ARM.attributes
                0x00000000       0x30
 *(.ARM.attributes)
 .ARM.attributes
                0x00000000       0x22 C:/Program Files/STM32CubeIDE_1.16.0/STM32CubeIDE/plugins/com.st.stm32cube.ide.mcu.externaltools.gnu-tools-for-stm32.12.3.rel1.win32_1.0.200.202406191623/tools/bin/../lib/gcc/arm-none-eabi/12.3.1/thumb/v7e-m+fp/hard/crti.o
 .ARM.attributes
                0x00000022       0x34 C:/Program Files/STM32CubeIDE_1.16.0/STM32CubeIDE/plugins/com.st.stm32cube.ide.mcu.externaltools.gnu-tools-for-stm32.12.3.rel1.win32_1.0.200.202406191623/tools/bin/../lib/gcc/arm-none-eabi/12.3.1/thumb/v7e-m+fp/hard/crtbegin.o
 .ARM.attributes
                0x00000056       0x34 ./Core/Src/main.o
 .ARM.attributes
                0x0000008a       0x34 ./Core/Src/stm32f4xx_hal_msp.o
 .ARM.attributes
                0x000000be       0x34 ./Core/Src/stm32f4xx_it.o
 .ARM.attributes
                0x000000f2       0x34 ./Core/Src/sysmem.o
 .ARM.attributes
                0x00000126       0x34 ./Core/Src/system_stm32f4xx.o
 .ARM.attributes
                0x0000015a       0x21 ./Core/Startup/startup_stm32f407vgtx.o
 .ARM.attributes
                0x0000017b       0x34 ./Drivers/STM32F4xx_HAL_Driver/Src/stm32f4xx_hal.o
 .ARM.attributes
                0x000001af       0x34 ./Drivers/STM32F4xx_HAL_Driver/Src/stm32f4xx_hal_cortex.o
 .ARM.attributes
                0x000001e3       0x34 ./Drivers/STM32F4xx_HAL_Driver/Src/stm32f4xx_hal_gpio.o
 .ARM.attributes
                0x00000217       0x34 ./Drivers/STM32F4xx_HAL_Driver/Src/stm32f4xx_hal_hcd.o
 .ARM.attributes
                0x0000024b       0x34 ./Drivers/STM32F4xx_HAL_Driver/Src/stm32f4xx_hal_i2c.o
 .ARM.attributes
                0x0000027f       0x34 ./Drivers/STM32F4xx_HAL_Driver/Src/stm32f4xx_hal_i2s.o
 .ARM.attributes
                0x000002b3       0x34 ./Drivers/STM32F4xx_HAL_Driver/Src/stm32f4xx_hal_i2s_ex.o
 .ARM.attributes
                0x000002e7       0x34 ./Drivers/STM32F4xx_HAL_Driver/Src/stm32f4xx_hal_rcc.o
 .ARM.attributes
                0x0000031b       0x34 ./Drivers/STM32F4xx_HAL_Driver/Src/stm32f4xx_hal_rcc_ex.o
 .ARM.attributes
                0x0000034f       0x34 ./Drivers/STM32F4xx_HAL_Driver/Src/stm32f4xx_hal_spi.o
 .ARM.attributes
                0x00000383       0x34 ./Drivers/STM32F4xx_HAL_Driver/Src/stm32f4xx_hal_tim.o
 .ARM.attributes
                0x000003b7       0x34 ./Drivers/STM32F4xx_HAL_Driver/Src/stm32f4xx_hal_tim_ex.o
 .ARM.attributes
                0x000003eb       0x34 ./Drivers/STM32F4xx_HAL_Driver/Src/stm32f4xx_ll_usb.o
 .ARM.attributes
                0x0000041f       0x34 ./Middlewares/ST/STM32_USB_Host_Library/Class/CDC/Src/usbh_cdc.o
 .ARM.attributes
                0x00000453       0x34 ./Middlewares/ST/STM32_USB_Host_Library/Core/Src/usbh_core.o
 .ARM.attributes
                0x00000487       0x34 ./Middlewares/ST/STM32_USB_Host_Library/Core/Src/usbh_ctlreq.o
 .ARM.attributes
                0x000004bb       0x34 ./Middlewares/ST/STM32_USB_Host_Library/Core/Src/usbh_ioreq.o
 .ARM.attributes
                0x000004ef       0x34 ./Middlewares/ST/STM32_USB_Host_Library/Core/Src/usbh_pipes.o
 .ARM.attributes
                0x00000523       0x34 ./Middlewares/Third_Party/FreeRTOS/Source/CMSIS_RTOS_V2/cmsis_os2.o
 .ARM.attributes
                0x00000557       0x34 ./Middlewares/Third_Party/FreeRTOS/Source/list.o
 .ARM.attributes
                0x0000058b       0x34 ./Middlewares/Third_Party/FreeRTOS/Source/queue.o
 .ARM.attributes
                0x000005bf       0x34 ./Middlewares/Third_Party/FreeRTOS/Source/tasks.o
 .ARM.attributes
                0x000005f3       0x34 ./Middlewares/Third_Party/FreeRTOS/Source/timers.o
 .ARM.attributes
                0x00000627       0x34 ./Middlewares/Third_Party/FreeRTOS/Source/portable/GCC/ARM_CM4F/port.o
 .ARM.attributes
                0x0000065b       0x34 ./Middlewares/Third_Party/FreeRTOS/Source/portable/MemMang/heap_4.o
 .ARM.attributes
                0x0000068f       0x34 ./USB_HOST/App/usb_host.o
 .ARM.attributes
                0x000006c3       0x34 ./USB_HOST/Target/usbh_conf.o
 .ARM.attributes
                0x000006f7       0x34 ./USB_HOST/Target/usbh_platform.o
 .ARM.attributes
                0x0000072b       0x34 C:/Program Files/STM32CubeIDE_1.16.0/STM32CubeIDE/plugins/com.st.stm32cube.ide.mcu.externaltools.gnu-tools-for-stm32.12.3.rel1.win32_1.0.200.202406191623/tools/bin/../lib/gcc/arm-none-eabi/12.3.1/../../../../arm-none-eabi/lib/thumb/v7e-m+fp/hard\libc_nano.a(libc_a-malloc.o)
 .ARM.attributes
                0x0000075f       0x34 C:/Program Files/STM32CubeIDE_1.16.0/STM32CubeIDE/plugins/com.st.stm32cube.ide.mcu.externaltools.gnu-tools-for-stm32.12.3.rel1.win32_1.0.200.202406191623/tools/bin/../lib/gcc/arm-none-eabi/12.3.1/../../../../arm-none-eabi/lib/thumb/v7e-m+fp/hard\libc_nano.a(libc_a-mallocr.o)
 .ARM.attributes
                0x00000793       0x34 C:/Program Files/STM32CubeIDE_1.16.0/STM32CubeIDE/plugins/com.st.stm32cube.ide.mcu.externaltools.gnu-tools-for-stm32.12.3.rel1.win32_1.0.200.202406191623/tools/bin/../lib/gcc/arm-none-eabi/12.3.1/../../../../arm-none-eabi/lib/thumb/v7e-m+fp/hard\libc_nano.a(libc_a-mlock.o)
 .ARM.attributes
                0x000007c7       0x34 C:/Program Files/STM32CubeIDE_1.16.0/STM32CubeIDE/plugins/com.st.stm32cube.ide.mcu.externaltools.gnu-tools-for-stm32.12.3.rel1.win32_1.0.200.202406191623/tools/bin/../lib/gcc/arm-none-eabi/12.3.1/../../../../arm-none-eabi/lib/thumb/v7e-m+fp/hard\libc_nano.a(libc_a-findfp.o)
 .ARM.attributes
                0x000007fb       0x34 C:/Program Files/STM32CubeIDE_1.16.0/STM32CubeIDE/plugins/com.st.stm32cube.ide.mcu.externaltools.gnu-tools-for-stm32.12.3.rel1.win32_1.0.200.202406191623/tools/bin/../lib/gcc/arm-none-eabi/12.3.1/../../../../arm-none-eabi/lib/thumb/v7e-m+fp/hard\libc_nano.a(libc_a-memset.o)
 .ARM.attributes
                0x0000082f       0x34 C:/Program Files/STM32CubeIDE_1.16.0/STM32CubeIDE/plugins/com.st.stm32cube.ide.mcu.externaltools.gnu-tools-for-stm32.12.3.rel1.win32_1.0.200.202406191623/tools/bin/../lib/gcc/arm-none-eabi/12.3.1/../../../../arm-none-eabi/lib/thumb/v7e-m+fp/hard\libc_nano.a(libc_a-reent.o)
 .ARM.attributes
                0x00000863       0x34 C:/Program Files/STM32CubeIDE_1.16.0/STM32CubeIDE/plugins/com.st.stm32cube.ide.mcu.externaltools.gnu-tools-for-stm32.12.3.rel1.win32_1.0.200.202406191623/tools/bin/../lib/gcc/arm-none-eabi/12.3.1/../../../../arm-none-eabi/lib/thumb/v7e-m+fp/hard\libc_nano.a(libc_a-impure.o)
 .ARM.attributes
                0x00000897       0x34 C:/Program Files/STM32CubeIDE_1.16.0/STM32CubeIDE/plugins/com.st.stm32cube.ide.mcu.externaltools.gnu-tools-for-stm32.12.3.rel1.win32_1.0.200.202406191623/tools/bin/../lib/gcc/arm-none-eabi/12.3.1/../../../../arm-none-eabi/lib/thumb/v7e-m+fp/hard\libc_nano.a(libc_a-sbrkr.o)
 .ARM.attributes
                0x000008cb       0x34 C:/Program Files/STM32CubeIDE_1.16.0/STM32CubeIDE/plugins/com.st.stm32cube.ide.mcu.externaltools.gnu-tools-for-stm32.12.3.rel1.win32_1.0.200.202406191623/tools/bin/../lib/gcc/arm-none-eabi/12.3.1/../../../../arm-none-eabi/lib/thumb/v7e-m+fp/hard\libc_nano.a(libc_a-errno.o)
 .ARM.attributes
                0x000008ff       0x34 C:/Program Files/STM32CubeIDE_1.16.0/STM32CubeIDE/plugins/com.st.stm32cube.ide.mcu.externaltools.gnu-tools-for-stm32.12.3.rel1.win32_1.0.200.202406191623/tools/bin/../lib/gcc/arm-none-eabi/12.3.1/../../../../arm-none-eabi/lib/thumb/v7e-m+fp/hard\libc_nano.a(libc_a-init.o)
 .ARM.attributes
                0x00000933       0x34 C:/Program Files/STM32CubeIDE_1.16.0/STM32CubeIDE/plugins/com.st.stm32cube.ide.mcu.externaltools.gnu-tools-for-stm32.12.3.rel1.win32_1.0.200.202406191623/tools/bin/../lib/gcc/arm-none-eabi/12.3.1/../../../../arm-none-eabi/lib/thumb/v7e-m+fp/hard\libc_nano.a(libc_a-lock.o)
 .ARM.attributes
                0x00000967       0x34 C:/Program Files/STM32CubeIDE_1.16.0/STM32CubeIDE/plugins/com.st.stm32cube.ide.mcu.externaltools.gnu-tools-for-stm32.12.3.rel1.win32_1.0.200.202406191623/tools/bin/../lib/gcc/arm-none-eabi/12.3.1/../../../../arm-none-eabi/lib/thumb/v7e-m+fp/hard\libc_nano.a(libc_a-memcpy-stub.o)
 .ARM.attributes
                0x0000099b       0x34 C:/Program Files/STM32CubeIDE_1.16.0/STM32CubeIDE/plugins/com.st.stm32cube.ide.mcu.externaltools.gnu-tools-for-stm32.12.3.rel1.win32_1.0.200.202406191623/tools/bin/../lib/gcc/arm-none-eabi/12.3.1/../../../../arm-none-eabi/lib/thumb/v7e-m+fp/hard\libc_nano.a(libc_a-freer.o)
 .ARM.attributes
                0x000009cf       0x22 C:/Program Files/STM32CubeIDE_1.16.0/STM32CubeIDE/plugins/com.st.stm32cube.ide.mcu.externaltools.gnu-tools-for-stm32.12.3.rel1.win32_1.0.200.202406191623/tools/bin/../lib/gcc/arm-none-eabi/12.3.1/thumb/v7e-m+fp/hard\libgcc.a(_aeabi_uldivmod.o)
 .ARM.attributes
                0x000009f1       0x34 C:/Program Files/STM32CubeIDE_1.16.0/STM32CubeIDE/plugins/com.st.stm32cube.ide.mcu.externaltools.gnu-tools-for-stm32.12.3.rel1.win32_1.0.200.202406191623/tools/bin/../lib/gcc/arm-none-eabi/12.3.1/thumb/v7e-m+fp/hard\libgcc.a(_udivmoddi4.o)
 .ARM.attributes
                0x00000a25       0x22 C:/Program Files/STM32CubeIDE_1.16.0/STM32CubeIDE/plugins/com.st.stm32cube.ide.mcu.externaltools.gnu-tools-for-stm32.12.3.rel1.win32_1.0.200.202406191623/tools/bin/../lib/gcc/arm-none-eabi/12.3.1/thumb/v7e-m+fp/hard\libgcc.a(_dvmd_tls.o)
 .ARM.attributes
                0x00000a47       0x22 C:/Program Files/STM32CubeIDE_1.16.0/STM32CubeIDE/plugins/com.st.stm32cube.ide.mcu.externaltools.gnu-tools-for-stm32.12.3.rel1.win32_1.0.200.202406191623/tools/bin/../lib/gcc/arm-none-eabi/12.3.1/thumb/v7e-m+fp/hard/crtn.o
OUTPUT(test.elf elf32-littlearm)
LOAD linker stubs
LOAD C:/Program Files/STM32CubeIDE_1.16.0/STM32CubeIDE/plugins/com.st.stm32cube.ide.mcu.externaltools.gnu-tools-for-stm32.12.3.rel1.win32_1.0.200.202406191623/tools/bin/../lib/gcc/arm-none-eabi/12.3.1/../../../../arm-none-eabi/lib/thumb/v7e-m+fp/hard\libc.a
LOAD C:/Program Files/STM32CubeIDE_1.16.0/STM32CubeIDE/plugins/com.st.stm32cube.ide.mcu.externaltools.gnu-tools-for-stm32.12.3.rel1.win32_1.0.200.202406191623/tools/bin/../lib/gcc/arm-none-eabi/12.3.1/../../../../arm-none-eabi/lib/thumb/v7e-m+fp/hard\libm.a
LOAD C:/Program Files/STM32CubeIDE_1.16.0/STM32CubeIDE/plugins/com.st.stm32cube.ide.mcu.externaltools.gnu-tools-for-stm32.12.3.rel1.win32_1.0.200.202406191623/tools/bin/../lib/gcc/arm-none-eabi/12.3.1/thumb/v7e-m+fp/hard\libgcc.a

.debug_info     0x00000000    0x2352e
 .debug_info    0x00000000     0x1826 ./Core/Src/main.o
 .debug_info    0x00001826     0x159a ./Core/Src/stm32f4xx_hal_msp.o
 .debug_info    0x00002dc0      0x6ad ./Core/Src/stm32f4xx_it.o
 .debug_info    0x0000346d      0x168 ./Core/Src/sysmem.o
 .debug_info    0x000035d5      0x512 ./Core/Src/system_stm32f4xx.o
 .debug_info    0x00003ae7       0x30 ./Core/Startup/startup_stm32f407vgtx.o
 .debug_info    0x00003b17      0x944 ./Drivers/STM32F4xx_HAL_Driver/Src/stm32f4xx_hal.o
 .debug_info    0x0000445b      0xd8c ./Drivers/STM32F4xx_HAL_Driver/Src/stm32f4xx_hal_cortex.o
 .debug_info    0x000051e7      0x6c3 ./Drivers/STM32F4xx_HAL_Driver/Src/stm32f4xx_hal_gpio.o
 .debug_info    0x000058aa     0x114c ./Drivers/STM32F4xx_HAL_Driver/Src/stm32f4xx_hal_hcd.o
 .debug_info    0x000069f6     0x2415 ./Drivers/STM32F4xx_HAL_Driver/Src/stm32f4xx_hal_i2c.o
 .debug_info    0x00008e0b      0xdf8 ./Drivers/STM32F4xx_HAL_Driver/Src/stm32f4xx_hal_i2s.o
 .debug_info    0x00009c03      0xa9f ./Drivers/STM32F4xx_HAL_Driver/Src/stm32f4xx_hal_i2s_ex.o
 .debug_info    0x0000a6a2      0x8af ./Drivers/STM32F4xx_HAL_Driver/Src/stm32f4xx_hal_rcc.o
 .debug_info    0x0000af51      0x536 ./Drivers/STM32F4xx_HAL_Driver/Src/stm32f4xx_hal_rcc_ex.o
 .debug_info    0x0000b487     0x1525 ./Drivers/STM32F4xx_HAL_Driver/Src/stm32f4xx_hal_spi.o
 .debug_info    0x0000c9ac     0x299d ./Drivers/STM32F4xx_HAL_Driver/Src/stm32f4xx_hal_tim.o
 .debug_info    0x0000f349     0x14db ./Drivers/STM32F4xx_HAL_Driver/Src/stm32f4xx_hal_tim_ex.o
 .debug_info    0x00010824     0x1993 ./Drivers/STM32F4xx_HAL_Driver/Src/stm32f4xx_ll_usb.o
 .debug_info    0x000121b7     0x1563 ./Middlewares/ST/STM32_USB_Host_Library/Class/CDC/Src/usbh_cdc.o
 .debug_info    0x0001371a     0x1463 ./Middlewares/ST/STM32_USB_Host_Library/Core/Src/usbh_core.o
 .debug_info    0x00014b7d     0x108c ./Middlewares/ST/STM32_USB_Host_Library/Core/Src/usbh_ctlreq.o
 .debug_info    0x00015c09      0xc6d ./Middlewares/ST/STM32_USB_Host_Library/Core/Src/usbh_ioreq.o
 .debug_info    0x00016876      0xad0 ./Middlewares/ST/STM32_USB_Host_Library/Core/Src/usbh_pipes.o
 .debug_info    0x00017346     0x3a52 ./Middlewares/Third_Party/FreeRTOS/Source/CMSIS_RTOS_V2/cmsis_os2.o
 .debug_info    0x0001ad98      0x2af ./Middlewares/Third_Party/FreeRTOS/Source/list.o